******************************************************************************
                  TI ARM Linker PC v5.0.1                      
******************************************************************************
>> Linked Wed Jun 05 22:43:23 2013

OUTPUT FILE NAME:   <ERGO Gen 5 Test1.out>
ENTRY POINT SYMBOL: "_c_int00"  address: 0000a7ed


MEMORY CONFIGURATION

         name            origin    length      used     unused   attr    fill
----------------------  --------  ---------  --------  --------  ----  --------
  FLASH                 00001000   0003f000  0000c3ae  00032c52  R  X
  SRAM                  20000000   00010000  00004209  0000bdf7  RW X


SEGMENT ALLOCATION MAP

run origin  load origin   length   init length attrs members
----------  ----------- ---------- ----------- ----- -------
00001000    00001000    0000c3b0   0000c3b0    r-x
  00001000    00001000    000000f0   000000f0    r-- .intvecs
  000010f0    000010f0    0000a72a   0000a72a    r-x .text
  0000b81c    0000b81c    0000186c   0000186c    r-- .const
  0000d088    0000d088    00000328   00000328    r-- .cinit
20000000    20000000    00003943   00000000    rw-
  20000000    20000000    00003943   00000000    rw- .bss
20003944    20003944    000008c8   000004c6    rw-
  20003944    20003944    000004c6   000004c6    rw- .data
  20003e0c    20003e0c    00000400   00000000    rw- .stack


SECTION ALLOCATION MAP

 output                                  attributes/
section   page    origin      length       input sections
--------  ----  ----------  ----------   ----------------
.init_array 
*          0    00001000    00000000     UNINITIALIZED

.intvecs   0    00001000    000000f0     
                  00001000    000000f0     startup_ccs.obj (.intvecs)

.text      0    000010f0    0000a72a     
                  000010f0    000006f4     lwiplib.obj (.text:tcp_receive)
                  000017e4    000003be     formike240x320x16_ili9320.obj (.text:Formike240x320x16_ILI9320Init)
                  00001ba2    00000002     startup_ccs.obj (.text:FaultISR)
                  00001ba4    000003a0     lwiplib.obj (.text:tcp_input)
                  00001f44    000003a0     lwiplib.obj (.text:tcp_process)
                  000022e4    00000388     lwiplib.obj (.text:tcp_enqueue)
                  0000266c    00000368     grlib-cm3.lib : image.obj (.text:InternalImageDraw)
                  000029d4    000002c4                   : image.obj (.text:PixelTransparentDraw)
                  00002c98    00000288     sd_card.obj (.text:main)
                  00002f20    00000284     lwiplib.obj (.text:tcp_slowtmr)
                  000031a4    00000266     grlib-cm3.lib : string.obj (.text:GrFontGlyphRender)
                  0000340a    00000002     formike240x320x16_ili9320.obj (.text:Formike240x320x16_ILI9320Flush)
                  0000340c    00000252     ustdlib.obj (.text:uvsnprintf)
                  0000365e    00000002     startup_ccs.obj (.text:IntDefaultHandler)
                  00003660    00000212     uartstdio.obj (.text:UARTprintf)
                  00003872    00000002     startup_ccs.obj (.text:NmiSR)
                  00003874    000001fc     lwiplib.obj (.text:ip_input)
                  00003a70    000001e8     lwiplib.obj (.text:udp_input)
                  00003c58    000001d6     grlib-cm3.lib : listbox.obj (.text:ListBoxPaint)
                  00003e2e    00000002     --HOLE-- [fill = 0]
                  00003e30    000001d4     GPS.obj (.text:Read)
                  00004004    000001d0     lwiplib.obj (.text:icmp_input)
                  000041d4    000001c4     GPS.obj (.text:parse_ubx_gps)
                  00004398    000001a0     lwiplib.obj (.text:tcp_output)
                  00004538    00000198     driverlib-cm3.lib : sysctl.obj (.text:SysCtlClockGet)
                  000046d0    00000186     grlib-cm3.lib : canvas.obj (.text:CanvasPaint)
                  00004856    00000180                   : listbox.obj (.text:ListBoxPointer)
                  000049d6    0000016e                   : pushbutton.obj (.text:RectangularButtonPaint)
                  00004b44    00000168     ff.obj (.text:auto_mount)
                  00004cac    00000160     lwiplib.obj (.text:etharp_arp_input)
                  00004e0c    00000144     driverlib-cm3.lib : sysctl.obj (.text:SysCtlClockSet)
                  00004f50    00000140     uartstdio.obj (.text:UARTStdioIntHandler)
                  00005090    00000140     mmc-rdk-idm.obj (.text:disk_initialize)
                  000051d0    00000130     lwiplib.obj (.text:etharp_query)
                  00005300    00000130     lwiplib.obj (.text:find_entry)
                  00005430    0000011e     formike240x320x16_ili9320.obj (.text:Formike240x320x16_ILI9320PixelDrawMultiple)
                  0000554e    00000002     --HOLE-- [fill = 0]
                  00005550    0000011c     lwiplib.obj (.text:tcp_listen_input)
                  0000566c    00000118     lwiplib.obj (.text:dhcp_create_request)
                  00005784    00000114     touch.obj (.text:TouchScreenDebouncer)
                  00005898    00000110     lwiplib.obj (.text:pbuf_alloc)
                  000059a8    00000108     touch.obj (.text:TouchScreenInit)
                  00005ab0    000000f8     lwiplib.obj (.text:mem_malloc)
                  00005ba8    000000f4     lwiplib.obj (.text:mem_realloc)
                  00005c9c    000000f0     grlib-cm3.lib : widget.obj (.text:WidgetMessageQueueAdd)
                  00005d8c    000000ec                   : pushbutton.obj (.text:RectangularButtonClick)
                  00005e78    000000ec     lwiplib.obj (.text:dhcp_select)
                  00005f64    000000e8     lwiplib.obj (.text:udp_sendto_if)
                  0000604c    000000e4     lwiplib.obj (.text:dhcp_bind)
                  00006130    000000e2     lwiplib.obj (.text:dhcp_handle_ack)
                  00006212    00000002     --HOLE-- [fill = 0]
                  00006214    000000e0     lwiplib.obj (.text:dhcp_discover)
                  000062f4    000000de     ff.obj (.text:make_dirfile)
                  000063d2    000000de     ff.obj (.text:trace_path)
                  000064b0    000000d8     sd_card.obj (.text:ChangeToDirectory)
                  00006588    000000d8     sd_card.obj (.text:OnBtnCD)
                  00006660    000000d8     sd_card.obj (.text:OnBtnUp)
                  00006738    000000d8     lwiplib.obj (.text:dhcp_recv)
                  00006810    000000d8     lwiplib.obj (.text:etharp_raw)
                  000068e8    000000d8     lwiplib.obj (.text:ip_output_if)
                  000069c0    000000d4     sd_card.obj (.text:PopulateFileListBox)
                  00006a94    000000d0     touch.obj (.text:TouchScreenIntHandler)
                  00006b64    000000d0     lwiplib.obj (.text:autoip_tmr)
                  00006c34    000000d0     lwiplib.obj (.text:tcp_alloc)
                  00006d04    000000d0     lwiplib.obj (.text:tcp_output_segment)
                  00006dd4    000000cc     lwiplib.obj (.text:lwIPPrivateInit)
                  00006ea0    000000c8     driverlib-cm3.lib : gpio.obj (.text:GPIOPadConfigSet)
                  00006f68    000000c4     grlib-cm3.lib : string.obj (.text:GrDefaultStringRenderer)
                  0000702c    000000c4     lwiplib.obj (.text:etharp_output)
                  000070f0    000000bc     ff.obj (.text:get_cluster)
                  000071ac    000000bc     lwiplib.obj (.text:lwIPServiceTimers)
                  00007268    000000b8     mmc-rdk-idm.obj (.text:disk_write)
                  00007320    000000b8     lwiplib.obj (.text:tcp_rst)
                  000073d8    000000b4     lwiplib.obj (.text:dhcp_release)
                  0000748c    000000b4     lwiplib.obj (.text:tcp_close)
                  00007540    000000b4     lwiplib.obj (.text:tcp_zero_window_probe)
                  000075f4    000000b2     formike240x320x16_ili9320.obj (.text:Formike240x320x16_ILI9320RectFill)
                  000076a6    00000002     --HOLE-- [fill = 0]
                  000076a8    000000ac     grlib-cm3.lib : widget.obj (.text:WidgetMessageSendPostOrder)
                  00007754    000000ac     lwiplib.obj (.text:dhcp_reboot)
                  00007800    000000a8     lwiplib.obj (.text:autoip_arp_reply)
                  000078a8    000000a8     lwiplib.obj (.text:dhcp_start)
                  00007950    000000a8     lwiplib.obj (.text:stellarisif_transmit)
                  000079f8    000000a4     lwiplib.obj (.text:tcp_abandon)
                  00007a9c    000000a0     uartstdio.obj (.text:UARTwrite)
                  00007b3c    0000009c     rtsv7M3_T_le_eabi.lib : memcpy_t2.obj (.text)
                  00007bd8    0000009a     grlib-cm3.lib : rectangle.obj (.text:GrRectFill)
                  00007c72    00000002     --HOLE-- [fill = 0]
                  00007c74    00000098     lwiplib.obj (.text:update_arp_entry)
                  00007d0c    00000094     rtsv7M3_T_le_eabi.lib : auto_init.obj (.text)
                  00007da0    00000094     lwiplib.obj (.text:stellarisif_receive)
                  00007e34    00000090     lwiplib.obj (.text:dhcp_rebind)
                  00007ec4    00000090     lwiplib.obj (.text:dhcp_renew)
                  00007f54    00000090     mmc-rdk-idm.obj (.text:disk_read)
                  00007fe4    00000090     lwiplib.obj (.text:tcp_oos_insert_segment)
                  00008074    0000008e     lwiplib.obj (.text:pbuf_copy)
                  00008102    0000008c     lwiplib.obj (.text:inet_chksum_pseudo)
                  0000818e    00000002     --HOLE-- [fill = 0]
                  00008190    00000088     sd_card.obj (.text:OnListBoxChange)
                  00008218    00000088     lwiplib.obj (.text:tcp_timewait_input)
                  000082a0    00000084     locator.obj (.text:LocatorReceive)
                  00008324    00000084     uartstdio.obj (.text:UARTStdioConfig)
                  000083a8    00000080     lwiplib.obj (.text:tcp_parseopt)
                  00008428    0000007c     lwiplib.obj (.text:dhcp_timeout)
                  000084a4    0000007c     mmc-rdk-idm.obj (.text:power_on)
                  00008520    0000007a     lwiplib.obj (.text:dhcp_get_option_ptr)
                  0000859a    0000007a     ff.obj (.text:move_window)
                  00008614    00000078     driverlib-cm3.lib : sysctl.obj (.text:SysCtlPeripheralPresent)
                  0000868c    00000078     lwiplib.obj (.text:dhcp_decline)
                  00008704    00000078     ff.obj (.text:get_fileinfo)
                  0000877c    00000078     rtsv7M3_T_le_eabi.lib : memset_t2.obj (.text)
                  000087f4    00000078     lwiplib.obj (.text:tcp_output_set_header)
                  0000886c    00000074     uartstdio.obj (.text:UARTPrimeTransmit)
                  000088e0    00000074     lwiplib.obj (.text:stellarisif_interrupt)
                  00008954    0000006c     driverlib-cm3.lib : adc.obj (.text:ADCSequenceStepConfigure)
                  000089c0    0000006c     lwiplib.obj (.text:dhcp_unfold_reply)
                  00008a2c    0000006c     lwiplib.obj (.text:icmp_send_response)
                  00008a98    0000006c     lwiplib.obj (.text:stellarisif_hwinit)
                  00008b04    0000006a     lwiplib.obj (.text:pbuf_copy_partial)
                  00008b6e    0000006a     lwiplib.obj (.text:tcp_send_empty_ack)
                  00008bd8    00000068     grlib-cm3.lib : string.obj (.text:GrStringWidthGet)
                  00008c40    00000068     lwiplib.obj (.text:ethernet_input)
                  00008ca8    00000068     ff.obj (.text:f_readdir)
                  00008d10    00000068     lwiplib.obj (.text:inet_ntoa)
                  00008d78    00000068     lwiplib.obj (.text:memp_init)
                  00008de0    00000068     lwiplib.obj (.text:raw_input)
                  00008e48    00000066     grlib-cm3.lib : rectangle.obj (.text:GrRectDraw)
                  00008eae    00000066     lwiplib.obj (.text:autoip_start)
                  00008f14    00000064     grlib-cm3.lib : context.obj (.text:GrContextInit)
                  00008f78    00000064     driverlib-cm3.lib : interrupt.obj (.text:IntDisable)
                  00008fdc    00000064                       : interrupt.obj (.text:IntEnable)
                  00009040    00000064     grlib-cm3.lib : listbox.obj (.text:ListBoxTextAdd)
                  000090a4    00000064     sd_card.obj (.text:PrintfStatus)
                  00009108    00000064     swupdate.obj (.text:SoftwareUpdateInit)
                  0000916c    00000064     grlib-cm3.lib : widget.obj (.text:WidgetMessageQueueProcess)
                  000091d0    00000064     lwiplib.obj (.text:mem_free)
                  00009234    00000064     lwiplib.obj (.text:memp_malloc)
                  00009298    00000064     lwiplib.obj (.text:netif_set_ipaddr)
                  000092fc    00000064     lwiplib.obj (.text:plug_holes)
                  00009360    00000064     lwiplib.obj (.text:tcp_keepalive)
                  000093c4    00000064     lwiplib.obj (.text:tcp_new_port)
                  00009428    00000062     grlib-cm3.lib : context.obj (.text:GrContextClipRegionSet)
                  0000948a    00000062     lwiplib.obj (.text:pbuf_header)
                  000094ec    00000062     mmc-rdk-idm.obj (.text:send_cmd)
                  0000954e    00000060     ff.obj (.text:f_opendir)
                  000095ae    00000002     --HOLE-- [fill = 0]
                  000095b0    00000060     lwiplib.obj (.text:mem_init)
                  00009610    00000060     lwiplib.obj (.text:tcp_pcb_remove)
                  00009670    0000005e     ff.obj (.text:check_fs)
                  000096ce    0000005e     rtsv7M3_T_le_eabi.lib : copy_decompress_rle.obj (.text)
                  0000972c    0000005c     grlib-cm3.lib : string.obj (.text:FontWideGlyphDataGet)
                  00009788    0000005c     swupdate.obj (.text:SoftwareUpdateUDPReceive)
                  000097e4    0000005c     lwiplib.obj (.text:tcp_fasttmr)
                  00009840    0000005c     lwiplib.obj (.text:udp_bind)
                  0000989c    00000058     driverlib-cm3.lib : sysctl.obj (.text:SysCtlPeripheralEnable)
                  000098f4    00000056     ff.obj (.text:next_dir_entry)
                  0000994a    00000002     --HOLE-- [fill = 0]
                  0000994c    00000054     GPS.obj (.text:Initi)
                  000099a0    00000054     lwiplib.obj (.text:autoip_create_addr)
                  000099f4    00000054     lwiplib.obj (.text:netif_add)
                  00009a48    00000052     lwiplib.obj (.text:pbuf_free)
                  00009a9a    00000052     mmc-rdk-idm.obj (.text:xmit_datablock)
                  00009aec    00000050     locator.obj (.text:LocatorInit)
                  00009b3c    00000050     lwiplib.obj (.text:ip_route)
                  00009b8c    00000050     lwiplib.obj (.text:stellarisif_output)
                  00009bdc    0000004e     grlib-cm3.lib : widget.obj (.text:WidgetMessageSendPreOrder)
                  00009c2a    0000004e     lwiplib.obj (.text:lwip_standard_chksum)
                  00009c78    0000004e     lwiplib.obj (.text:tcp_rexmit_fast)
                  00009cc6    0000004c     formike240x320x16_ili9320.obj (.text:Formike240x320x16_ILI9320LineDrawH)
                  00009d12    0000004c     formike240x320x16_ili9320.obj (.text:Formike240x320x16_ILI9320LineDrawV)
                  00009d5e    00000002     --HOLE-- [fill = 0]
                  00009d60    0000004c     grlib-cm3.lib : widget.obj (.text:WidgetRemove)
                  00009dac    0000004c     lwiplib.obj (.text:pbuf_realloc)
                  00009df8    0000004c     lwiplib.obj (.text:tcp_kill_prio)
                  00009e44    0000004a     grlib-cm3.lib : string.obj (.text:UpdateContextCharMapping)
                  00009e8e    0000004a     lwiplib.obj (.text:autoip_start_probing)
                  00009ed8    00000048     lwiplib.obj (.text:inet_chksum_pbuf)
                  00009f20    00000048     lwiplib.obj (.text:lwIPInit)
                  00009f68    00000048     mmc-rdk-idm.obj (.text:rcvr_datablock)
                  00009fb0    00000048     lwiplib.obj (.text:udp_connect)
                  00009ff8    00000046     grlib-cm3.lib : line.obj (.text:GrLineDrawH)
                  0000a03e    00000046                   : line.obj (.text:GrLineDrawV)
                  0000a084    00000044     driverlib-cm3.lib : ssi.obj (.text:SSIConfigSetExpClk)
                  0000a0c8    00000044     uartstdio.obj (.text:UARTPeek)
                  0000a10c    00000044     lwiplib.obj (.text:enqueue_packet)
                  0000a150    00000044     lwiplib.obj (.text:ip_output)
                  0000a194    00000044     rtsv7M3_T_le_eabi.lib : cpy_tbl.obj (.text)
                  0000a1d8    00000044     mmc-rdk-idm.obj (.text:send_initial_clock_train)
                  0000a21c    00000044     lwiplib.obj (.text:tcp_rexmit)
                  0000a260    00000042     driverlib-cm3.lib : uart.obj (.text:UARTConfigSetExpClk)
                  0000a2a2    00000042     lwiplib.obj (.text:dhcp_stop)
                  0000a2e4    00000042     rtsv7M3_T_le_eabi.lib : u_divt2.obj (.text)
                  0000a326    00000042     lwiplib.obj (.text:tcp_pcb_purge)
                  0000a368    00000040     formike240x320x16_ili9320.obj (.text:ReadData)
                  0000a3a8    00000040     lwiplib.obj (.text:dhcp_option_long)
                  0000a3e8    00000040     lwiplib.obj (.text:etharp_tmr)
                  0000a428    00000040     rtsv7M3_T_le_eabi.lib : exit.obj (.text)
                  0000a468    00000040     mmc-rdk-idm.obj (.text:set_max_speed)
                  0000a4a8    0000003c     lwiplib.obj (.text:dhcp_coarse_tmr)
                  0000a4e4    0000003c     lwiplib.obj (.text:memp_free)
                  0000a520    0000003c     lwiplib.obj (.text:stellarisif_init)
                  0000a55c    0000003a     grlib-cm3.lib : string.obj (.text:FontGlyphDataGet)
                  0000a596    00000038     driverlib-cm3.lib : ethernet.obj (.text:EthernetMACAddrSet)
                  0000a5ce    00000002     --HOLE-- [fill = 0]
                  0000a5d0    00000038                       : flash.obj (.text:FlashUserGet)
                  0000a608    00000038     lwiplib.obj (.text:autoip_bind)
                  0000a640    00000038     lwiplib.obj (.text:dhcp_fine_tmr)
                  0000a678    00000038     lwiplib.obj (.text:tcp_kill_timewait)
                  0000a6b0    00000036     lwiplib.obj (.text:tcp_recved)
                  0000a6e6    00000034     driverlib-cm3.lib : ethernet.obj (.text:EthernetMACAddrGet)
                  0000a71a    00000002     --HOLE-- [fill = 0]
                  0000a71c    00000034     locator.obj (.text:LocatorAppTitleSet)
                  0000a750    00000034     lwiplib.obj (.text:autoip_arp_probe)
                  0000a784    00000034     lwiplib.obj (.text:dhcp_handle_nak)
                  0000a7b8    00000034     lwiplib.obj (.text:ip_addr_isbroadcast)
                  0000a7ec    00000034     rtsv7M3_T_le_eabi.lib : boot.obj (.text)
                  0000a820    00000034     lwiplib.obj (.text:udp_sendto)
                  0000a854    00000032     lwiplib.obj (.text:dhcp_handle_offer)
                  0000a886    00000032     lwiplib.obj (.text:dhcp_option_trailer)
                  0000a8b8    00000032     lwiplib.obj (.text:etharp_send_ip)
                  0000a8ea    00000032     mmc-rdk-idm.obj (.text:send_cmd12)
                  0000a91c    00000032     lwiplib.obj (.text:tcp_update_rcv_ann_wnd)
                  0000a94e    00000002     --HOLE-- [fill = 0]
                  0000a950    00000030     sd_card.obj (.text:StringFromFresult)
                  0000a980    00000030     uartstdio.obj (.text:UARTFlushTx)
                  0000a9b0    00000030     uartstdio.obj (.text:UARTgetc)
                  0000a9e0    00000030     rtsv7M3_T_le_eabi.lib : strncpy.obj (.text)
                  0000aa10    0000002e     driverlib-cm3.lib : gpio.obj (.text:GPIODirModeSet)
                  0000aa3e    0000002e     lwiplib.obj (.text:dequeue_packet)
                  0000aa6c    0000002c     formike240x320x16_ili9320.obj (.text:Formike240x320x16_ILI9320PixelDraw)
                  0000aa98    0000002c     grlib-cm3.lib : widget.obj (.text:WidgetIsInTree)
                  0000aac4    0000002c     lwiplib.obj (.text:autoip_arp_announce)
                  0000aaf0    0000002c     lwiplib.obj (.text:etharp_request)
                  0000ab1c    0000002c     lwiplib.obj (.text:lwIPEthernetIntHandler)
                  0000ab48    0000002c     lwiplib.obj (.text:tcp_rexmit_rto)
                  0000ab74    0000002c     lwiplib.obj (.text:udp_remove)
                  0000aba0    0000002a     driverlib-cm3.lib : adc.obj (.text:ADCSequenceConfigure)
                  0000abca    0000002a                       : ethernet.obj (.text:EthernetConfigSet)
                  0000abf4    0000002a     grlib-cm3.lib : string.obj (.text:GrFontBaselineGet)
                  0000ac1e    0000002a                   : string.obj (.text:GrFontHeightGet)
                  0000ac48    00000028                   : string.obj (.text:GrStringNextCharGet)
                  0000ac70    00000028     lwiplib.obj (.text:tcp_seg_copy)
                  0000ac98    00000026     grlib-cm3.lib : string.obj (.text:GrFontInfoGet)
                  0000acbe    00000026     lwiplib.obj (.text:dhcp_check)
                  0000ace4    00000024     driverlib-cm3.lib : timer.obj (.text:TimerConfigure)
                  0000ad08    00000024     formike240x320x16_ili9320.obj (.text:WriteCommand)
                  0000ad2c    00000024     mmc-rdk-idm.obj (.text:disk_timerproc)
                  0000ad50    00000024     lwiplib.obj (.text:pbuf_cat)
                  0000ad74    00000022     driverlib-cm3.lib : ethernet.obj (.text:EthernetEnable)
                  0000ad96    00000022     grlib-cm3.lib : string.obj (.text:GrFontGlyphDataGet)
                  0000adb8    00000022                   : listbox.obj (.text:ListBoxMsgProc)
                  0000adda    00000022                   : pushbutton.obj (.text:RectangularButtonMsgProc)
                  0000adfc    00000022                   : widget.obj (.text:WidgetAdd)
                  0000ae1e    00000022     lwiplib.obj (.text:etharp_ip_input)
                  0000ae40    00000022     rtsv7M3_T_le_eabi.lib : memcmp.obj (.text)
                  0000ae62    00000022     ustdlib.obj (.text:ustrncpy)
                  0000ae84    00000020     locator.obj (.text:LocatorMACAddrSet)
                  0000aea4    00000020     uartstdio.obj (.text:UARTFlushRx)
                  0000aec4    00000020     grlib-cm3.lib : widget.obj (.text:WidgetPointerMessage)
                  0000aee4    00000020     formike240x320x16_ili9320.obj (.text:WriteData)
                  0000af04    00000020     lwiplib.obj (.text:autoip_handle_arp_conflict)
                  0000af24    00000020     lwiplib.obj (.text:dhcp_free_reply)
                  0000af44    00000020     lwiplib.obj (.text:dhcp_option)
                  0000af64    00000020     lwiplib.obj (.text:dhcp_option_short)
                  0000af84    00000020     lwiplib.obj (.text:netif_set_up)
                  0000afa4    00000020     mmc-rdk-idm.obj (.text:rcvr_spi)
                  0000afc4    00000020     lwiplib.obj (.text:tcp_recv_null)
                  0000afe4    00000020     lwiplib.obj (.text:tcp_tmr)
                  0000b004    00000020     ustdlib.obj (.text:usprintf)
                  0000b024    00000020     mmc-rdk-idm.obj (.text:wait_ready)
                  0000b044    0000001e     driverlib-cm3.lib : ethernet.obj (.text:EthernetPHYRead)
                  0000b062    0000001e     grlib-cm3.lib : string.obj (.text:GrFontCodepageGet)
                  0000b080    0000001e     lwiplib.obj (.text:free_etharp_q)
                  0000b09e    0000001e     lwiplib.obj (.text:tcp_eff_send_mss)
                  0000b0bc    0000001e     lwiplib.obj (.text:tcp_seg_free)
                  0000b0da    00000002     --HOLE-- [fill = 0]
                  0000b0dc    0000001c     swupdate.obj (.text:SoftwareUpdateBegin)
                  0000b0f8    0000001c     driverlib-cm3.lib : uart.obj (.text:UARTDisable)
                  0000b114    0000001c     lwiplib.obj (.text:dhcp_get_option_long)
                  0000b130    0000001c     GPS.obj (.text:join_4_bytes)
                  0000b14c    0000001c     lwiplib.obj (.text:lwIPTimer)
                  0000b168    0000001c     lwiplib.obj (.text:netif_set_addr)
                  0000b184    0000001c     rtsv7M3_T_le_eabi.lib : strcat.obj (.text)
                  0000b1a0    0000001c     GPS.obj (.text:ubx_checksum)
                  0000b1bc    0000001c     lwiplib.obj (.text:udp_new)
                  0000b1d8    0000001c     ff.obj (.text:validate)
                  0000b1f4    0000001c     mmc-rdk-idm.obj (.text:xmit_spi)
                  0000b210    0000001a     uartstdio.obj (.text:IsBufferFull)
                  0000b22a    0000001a     ff.obj (.text:clust2sect)
                  0000b244    0000001a     lwiplib.obj (.text:dhcp_arp_reply)
                  0000b25e    0000001a     lwiplib.obj (.text:htonl)
                  0000b278    0000001a     lwiplib.obj (.text:tcp_segs_free)
                  0000b292    0000001a     ustdlib.obj (.text:usnprintf)
                  0000b2ac    00000018     driverlib-cm3.lib : timer.obj (.text:TimerControlTrigger)
                  0000b2c4    00000018     lwiplib.obj (.text:dhcp_delete_request)
                  0000b2dc    00000018     rtsv7M3_T_le_eabi.lib : args_main.obj (.text)
                  0000b2f4    00000018                           : strcmp.obj (.text)
                  0000b30c    00000018     lwiplib.obj (.text:tcp_next_iss)
                  0000b324    00000016     formike240x320x16_ili9320.obj (.text:Formike240x320x16_ILI9320ColorTranslate)
                  0000b33a    00000016     uartstdio.obj (.text:UARTStdioInit)
                  0000b350    00000016     uartstdio.obj (.text:UARTStdioInitExpClk)
                  0000b366    00000016     lwiplib.obj (.text:dhcp_t1_timeout)
                  0000b37c    00000016     lwiplib.obj (.text:dhcp_t2_timeout)
                  0000b392    00000016     lwiplib.obj (.text:pbuf_ref)
                  0000b3a8    00000014     grlib-cm3.lib : canvas.obj (.text:CanvasMsgProc)
                  0000b3bc    00000014     driverlib-cm3.lib : ethernet.obj (.text:EthernetInitExpClk)
                  0000b3d0    00000014                       : systick.obj (.text:SysTickEnable)
                  0000b3e4    00000014                       : systick.obj (.text:SysTickIntDisable)
                  0000b3f8    00000014                       : systick.obj (.text:SysTickIntEnable)
                  0000b40c    00000014                       : uart.obj (.text:UARTEnable)
                  0000b420    00000014     grlib-cm3.lib : widget.obj (.text:WidgetMutexGet)
                  0000b434    00000014     rtsv7M3_T_le_eabi.lib : _lock.obj (.text)
                  0000b448    00000014                           : strlen.obj (.text)
                  0000b45c    00000014     lwiplib.obj (.text:tcp_send_ctrl)
                  0000b470    00000012     driverlib-cm3.lib : adc.obj (.text:ADCHardwareOversampleConfigure)
                  0000b482    00000012                       : gpio.obj (.text:GPIOPinTypeGPIOOutput)
                  0000b494    00000012                       : gpio.obj (.text:GPIOPinTypeSSI)
                  0000b4a6    00000012                       : gpio.obj (.text:GPIOPinTypeUART)
                  0000b4b8    00000012     uartstdio.obj (.text:GetBufferCount)
                  0000b4ca    00000012     driverlib-cm3.lib : timer.obj (.text:TimerLoadSet)
                  0000b4dc    00000012     rtsv7M3_T_le_eabi.lib : copy_zero_init.obj (.text:decompress:ZI)
                  0000b4ee    00000012     lwiplib.obj (.text:netif_set_down)
                  0000b500    00000012     lwiplib.obj (.text:pbuf_clen)
                  0000b512    00000012     rtsv7M3_T_le_eabi.lib : strcpy.obj (.text)
                  0000b524    00000010     driverlib-cm3.lib : adc.obj (.text:ADCIntEnable)
                  0000b534    00000010     mmc-rdk-idm.obj (.text:DESELECT)
                  0000b544    00000010     grlib-cm3.lib : string.obj (.text:GrStringDraw)
                  0000b554    00000010     mmc-rdk-idm.obj (.text:SELECT)
                  0000b564    00000010     driverlib-cm3.lib : systick.obj (.text:SysTickPeriodSet)
                  0000b574    00000010                       : uart.obj (.text:UARTCharGetNonBlocking)
                  0000b584    00000010                       : uart.obj (.text:UARTCharPutNonBlocking)
                  0000b594    00000010     formike240x320x16_ili9320.obj (.text:WriteRegister)
                  0000b5a4    00000010     lwiplib.obj (.text:autoip_stop)
                  0000b5b4    00000010     lwiplib.obj (.text:dhcp_option_byte)
                  0000b5c4    00000010     mmc-rdk-idm.obj (.text:disk_status)
                  0000b5d4    00000010     GPS.obj (.text:join_2_bytes)
                  0000b5e4    0000000e     driverlib-cm3.lib : adc.obj (.text:ADCSequenceEnable)
                  0000b5f2    0000000e     grlib-cm3.lib : image.obj (.text:GrImageDraw)
                  0000b600    0000000e     uartstdio.obj (.text:IsBufferEmpty)
                  0000b60e    0000000e     sd_card.obj (.text:SysTickHandler)
                  0000b61c    0000000e     driverlib-cm3.lib : timer.obj (.text:TimerEnable)
                  0000b62a    0000000e     rtsv7M3_T_le_eabi.lib : copy_decompress_none.obj (.text:decompress:none)
                  0000b638    0000000e     lwiplib.obj (.text:dhcp_set_state)
                  0000b646    0000000e     lwiplib.obj (.text:pbuf_chain)
                  0000b654    0000000c     driverlib-cm3.lib : cpu.obj (.text:CPUcpsid)
                  0000b660    0000000c                       : cpu.obj (.text:CPUcpsie)
                  0000b66c    0000000c                       : ethernet.obj (.text:EthernetIntStatus)
                  0000b678    0000000c     formike240x320x16_ili9320.obj (.text:Formike240x320x16_ILI9320BacklightOn)
                  0000b684    0000000c     formike240x320x16_ili9320.obj (.text:ReadRegister)
                  0000b690    0000000c     driverlib-cm3.lib : ssi.obj (.text:SSIDataGet)
                  0000b69c    0000000c     sd_card.obj (.text:SoftwareUpdateRequestCallback)
                  0000b6a8    0000000c     driverlib-cm3.lib : sysctl.obj (.text:SysCtlLDOSet)
                  0000b6b4    0000000c     touch.obj (.text:TouchScreenCallbackSet)
                  0000b6c0    0000000c     driverlib-cm3.lib : uart.obj (.text:UARTCharsAvail)
                  0000b6cc    0000000c                       : uart.obj (.text:UARTSpaceAvail)
                  0000b6d8    0000000c     lwiplib.obj (.text:htons)
                  0000b6e4    0000000c     lwiplib.obj (.text:inet_chksum)
                  0000b6f0    0000000c     lwiplib.obj (.text:lwIPLocalIPAddrGet)
                  0000b6fc    0000000c     lwiplib.obj (.text:lwip_init)
                  0000b708    0000000c     lwiplib.obj (.text:netif_set_default)
                  0000b714    0000000c     lwiplib.obj (.text:netif_set_gw)
                  0000b720    0000000c     lwiplib.obj (.text:netif_set_netmask)
                  0000b72c    0000000c     mmc-rdk-idm.obj (.text:power_off)
                  0000b738    0000000c     mmc-rdk-idm.obj (.text:rcvr_spi_m)
                  0000b744    0000000a     driverlib-cm3.lib : ethernet.obj (.text:EthernetIntDisable)
                  0000b74e    0000000a                       : interrupt.obj (.text:IntMasterDisable)
                  0000b758    0000000a                       : interrupt.obj (.text:IntMasterEnable)
                  0000b762    0000000a                       : ssi.obj (.text:SSIDataPut)
                  0000b76c    0000000a                       : ssi.obj (.text:SSIDisable)
                  0000b776    0000000a                       : ssi.obj (.text:SSIEnable)
                  0000b780    0000000a                       : uart.obj (.text:UARTIntDisable)
                  0000b78a    0000000a                       : uart.obj (.text:UARTIntStatus)
                  0000b794    0000000a     lwiplib.obj (.text:netif_is_up)
                  0000b79e    0000000a     GPS.obj (.text:one_byte)
                  0000b7a8    0000000a     lwiplib.obj (.text:sys_arch_unprotect)
                  0000b7b2    00000008     driverlib-cm3.lib : ethernet.obj (.text:EthernetIntEnable)
                  0000b7ba    00000008     grlib-cm3.lib : charmap.obj (.text:GrMapISO8859_1_Unicode)
                  0000b7c2    00000008     driverlib-cm3.lib : uart.obj (.text:UARTIntEnable)
                  0000b7ca    00000008     lwiplib.obj (.text:icmp_dest_unreach)
                  0000b7d2    00000006     formike240x320x16_ili9320.obj (.text:Formike240x320x16_ILI9320ControllerIdGet)
                  0000b7d8    00000006     driverlib-cm3.lib : gpio.obj (.text:GPIOPinWrite)
                  0000b7de    00000006     grlib-cm3.lib : string.obj (.text:GrContextFontSet)
                  0000b7e4    00000006     startup_ccs.obj (.text:ResetISR)
                  0000b7ea    00000006     driverlib-cm3.lib : sysctl.obj (.text:SysCtlDelay)
                  0000b7f0    00000006                       : uart.obj (.text:UARTFIFOLevelSet)
                  0000b7f6    00000006     rtsv7M3_T_le_eabi.lib : copy_decompress_rle.obj (.text:decompress:rle24)
                  0000b7fc    00000006     lwiplib.obj (.text:udp_recv)
                  0000b802    00000004     driverlib-cm3.lib : ethernet.obj (.text:EthernetIntClear)
                  0000b806    00000004                       : uart.obj (.text:UARTIntClear)
                  0000b80a    00000004     grlib-cm3.lib : widget.obj (.text:WidgetDefaultMsgProc)
                  0000b80e    00000004     lwiplib.obj (.text:dhcp_get_option_byte)
                  0000b812    00000004     GPS.obj (.text:getdataz)
                  0000b816    00000004     GPS.obj (.text:millis)

.const     0    0000b81c    0000186c     
                  0000b81c    0000095e     grlib-cm3.lib : fontcm20.obj (.const:g_pucCm20Data)
                  0000c17a    00000002     --HOLE-- [fill = 0]
                  0000c17c    00000514                   : fontcmss12.obj (.const:g_pucCmss12Data)
                  0000c690    000002f8                   : fontfixed6x8.obj (.const:g_pucFontFixed6x8Data)
                  0000c988    00000256     sd_card.obj (.const:.string)
                  0000cbde    00000002     --HOLE-- [fill = 0]
                  0000cbe0    000000c8     grlib-cm3.lib : fontcm20.obj (.const:g_sFontCm20)
                  0000cca8    000000c8                   : fontcmss12.obj (.const:g_sFontCmss12)
                  0000cd70    000000c8                   : fontfixed6x8.obj (.const:g_sFontFixed6x8)
                  0000ce38    0000008a     lwiplib.obj (.const:.string)
                  0000cec2    00000002     --HOLE-- [fill = 0]
                  0000cec4    00000070     driverlib-cm3.lib : interrupt.obj (.const)
                  0000cf34    0000006c                       : sysctl.obj (.const:g_pulXtals)
                  0000cfa0    00000040                       : sysctl.obj (.const)
                  0000cfe0    00000034     lwiplib.obj (.const)
                  0000d014    00000028     formike240x320x16_ili9320.obj (.const:g_sFormike240x320x16_ILI9320)
                  0000d03c    00000028     uartstdio.obj (.const)
                  0000d064    00000012     uartstdio.obj (.const:.string)
                  0000d076    00000002     --HOLE-- [fill = 0]
                  0000d078    00000010     grlib-cm3.lib : context.obj (.const)

.cinit     0    0000d088    00000328     
                  0000d088    00000304     (.cinit..data.load) [load image, compression = rle]
                  0000d38c    0000000c     (__TI_handler_table)
                  0000d398    00000008     (.cinit..bss.load) [load image, compression = zero_init]
                  0000d3a0    00000010     (__TI_cinit_table)

.bss       0    20000000    00003943     UNINITIALIZED
                  20000000    00001958     lwiplib.obj (.bss:memp_memory)
                  20001958    00001014     lwiplib.obj (.bss:ram_heap)
                  2000296c    00000400     uartstdio.obj (.bss:g_pcUARTTxBuffer)
                  20002d6c    00000330     sd_card.obj (.bss:g_pcFilenames)
                  2000309c    00000140     grlib-cm3.lib : widget.obj (.bss:g_pMQ)
                  200031dc    000000ea     lwiplib.obj (.bss:lwip_stats)
                  200032c6    000000e0     sd_card.obj (.bss:g_pcStatus)
                  200033a6    00000002     --HOLE--
                  200033a8    000000c8     lwiplib.obj (.bss:arp_table)
                  20003470    000000c0     sd_card.obj (.bss:g_ppcDirListStrings)
                  20003530    000000b8     lwiplib.obj (.bss)
                  200035e8    00000098     GPS.obj (.bss)
                  20003680    00000080     uartstdio.obj (.bss:g_pcUARTRxBuffer)
                  20003700    0000006c     sd_card.obj (.bss)
                  2000376c    00000060     lwiplib.obj (.bss:stellarisif_data)
                  200037cc    00000054     locator.obj (.bss:g_pucLocatorData)
                  20003820    00000050     sd_card.obj (.bss:g_cTmpBuf)
                  20003870    0000003c     GPS.obj (.bss:UBX_buffer)
                  200038ac    00000038     lwiplib.obj (.bss:g_sNetIF)
                  200038e4    00000020     grlib-cm3.lib : image.obj (.bss)
                  20003904    0000001c     touch.obj (.bss)
                  20003920    0000000a     ff.obj (.bss)
                  2000392a    00000008     swupdate.obj (.bss)
                  20003932    00000002     --HOLE--
                  20003934    00000008     uartstdio.obj (.bss)
                  2000393c    00000004     grlib-cm3.lib : context.obj (.bss)
                  20003940    00000003     mmc-rdk-idm.obj (.bss)

.data      0    20003944    000004c6     
                  20003944    00000070     sd_card.obj (.data:g_sFresultStrings)
                  200039b4    00000054     sd_card.obj (.data:g_sDirList)
                  20003a08    00000054     sd_card.obj (.data:g_sStatusList)
                  20003a5c    00000050     sd_card.obj (.data:g_cCwdBuf)
                  20003aac    00000050     sd_card.obj (.data:g_sCDBtn)
                  20003afc    00000050     sd_card.obj (.data:g_sUpBtn)
                  20003b4c    00000040     sd_card.obj (.data:g_sBackground)
                  20003b8c    00000040     sd_card.obj (.data:g_sCDBackground)
                  20003bcc    00000040     sd_card.obj (.data:g_sHeading)
                  20003c0c    00000040     sd_card.obj (.data:g_sIPAddr)
                  20003c4c    00000040     sd_card.obj (.data:g_sMACAddr)
                  20003c8c    00000040     sd_card.obj (.data:g_sPWD)
                  20003ccc    00000040     sd_card.obj (.data:g_sPWDTitle)
                  20003d0c    00000040     sd_card.obj (.data:g_sUpBackground)
                  20003d4c    0000002e     lwiplib.obj (.data)
                  20003d7a    00000002     --HOLE--
                  20003d7c    0000002d     grlib-cm3.lib : widget.obj (.data)
                  20003da9    00000003     --HOLE--
                  20003dac    00000020     sd_card.obj (.data)
                  20003dcc    00000015     uartstdio.obj (.data)
                  20003de1    00000003     --HOLE--
                  20003de4    00000008     rtsv7M3_T_le_eabi.lib : _lock.obj (.data)
                  20003dec    00000008                           : exit.obj (.data)
                  20003df4    00000008     swupdate.obj (.data)
                  20003dfc    00000004     GPS.obj (.data)
                  20003e00    00000004     rtsv7M3_T_le_eabi.lib : stkdepth_vars.obj (.data)
                  20003e04    00000003     touch.obj (.data)
                  20003e07    00000001     --HOLE--
                  20003e08    00000002     mmc-rdk-idm.obj (.data)

.stack     0    20003e0c    00000400     UNINITIALIZED
                  20003e0c    00000400     --HOLE--


LINKER GENERATED COPY TABLES

__TI_cinit_table @ 0000d3a0 records: 2, size/record: 8, table size: 16
	.data: load addr=0000d088, load size=00000304 bytes, run addr=20003944, run size=000004c6 bytes, compression=rle
	.bss: load addr=0000d398, load size=00000008 bytes, run addr=20000000, run size=00003943 bytes, compression=zero_init


LINKER GENERATED HANDLER TABLE

__TI_handler_table @ 0000d38c records: 3, size/record: 4, table size: 12
	index: 0, handler: __TI_decompress_rle24
	index: 1, handler: __TI_decompress_none
	index: 2, handler: __TI_zero_init


GLOBAL SYMBOLS: SORTED ALPHABETICALLY BY Name 

address    name
--------   ----
0000b471   ADCHardwareOversampleConfigure
0000b525   ADCIntEnable
0000aba1   ADCSequenceConfigure
0000b5e5   ADCSequenceEnable
00008955   ADCSequenceStepConfigure
200035fc   Altitude
0000a429   C$$EXIT
0000b655   CPUcpsid
0000b661   CPUcpsie
0000b3a9   CanvasMsgProc
0000abcb   EthernetConfigSet
0000ad75   EthernetEnable
0000b3bd   EthernetInitExpClk
0000b803   EthernetIntClear
0000b745   EthernetIntDisable
0000b7b3   EthernetIntEnable
0000b66d   EthernetIntStatus
0000a6e7   EthernetMACAddrGet
0000a597   EthernetMACAddrSet
0000b045   EthernetPHYRead
20003669   Fix
0000a5d1   FlashUserGet
0000b679   Formike240x320x16_ILI9320BacklightOn
0000b7d3   Formike240x320x16_ILI9320ControllerIdGet
000017e5   Formike240x320x16_ILI9320Init
0000aa11   GPIODirModeSet
00006ea1   GPIOPadConfigSet
0000b483   GPIOPinTypeGPIOOutput
0000b495   GPIOPinTypeSSI
0000b4a7   GPIOPinTypeUART
0000b7d9   GPIOPinWrite
20003678   GPS_timer
00009429   GrContextClipRegionSet
0000b7df   GrContextFontSet
00008f15   GrContextInit
00006f69   GrDefaultStringRenderer
0000abf5   GrFontBaselineGet
0000b063   GrFontCodepageGet
0000ad97   GrFontGlyphDataGet
000031a5   GrFontGlyphRender
0000ac1f   GrFontHeightGet
0000ac99   GrFontInfoGet
0000b5f3   GrImageDraw
00009ff9   GrLineDrawH
0000a03f   GrLineDrawV
0000b7bb   GrMapISO8859_1_Unicode
00008e49   GrRectDraw
00007bd9   GrRectFill
0000b545   GrStringDraw
0000ac49   GrStringNextCharGet
00008bd9   GrStringWidthGet
20003634   Ground_Course
2000362c   Ground_Speed
0000994d   Initi
00008f79   IntDisable
00008fdd   IntEnable
0000b74f   IntMasterDisable
0000b759   IntMasterEnable
200035f4   Lattitude
0000adb9   ListBoxMsgProc
00009041   ListBoxTextAdd
0000a71d   LocatorAppTitleSet
00009aed   LocatorInit
0000ae85   LocatorMACAddrSet
200035f8   Longitude
2000366b   NewData
20003668   NumSats
00006589   OnBtnCD
00006661   OnBtnUp
00008191   OnListBoxChange
200035ec   PosData
2000366c   PrintErrors
2000366a   RTC
00003e31   Read
0000addb   RectangularButtonMsgProc
0000b7e5   ResetISR
UNDEFED    SHT$$INIT_ARRAY$$Base
UNDEFED    SHT$$INIT_ARRAY$$Limit
0000a085   SSIConfigSetExpClk
0000b691   SSIDataGet
0000b763   SSIDataPut
0000b76d   SSIDisable
0000b777   SSIEnable
0000b0dd   SoftwareUpdateBegin
00009109   SoftwareUpdateInit
0000b69d   SoftwareUpdateRequestCallback
20003630   Speed_3d
00004539   SysCtlClockGet
00004e0d   SysCtlClockSet
0000b7eb   SysCtlDelay
0000b6a9   SysCtlLDOSet
0000989d   SysCtlPeripheralEnable
00008615   SysCtlPeripheralPresent
0000b3d1   SysTickEnable
0000b60f   SysTickHandler
0000b3e5   SysTickIntDisable
0000b3f9   SysTickIntEnable
0000b565   SysTickPeriodSet
200035f0   Time
0000ace5   TimerConfigure
0000b2ad   TimerControlTrigger
0000b61d   TimerEnable
0000b4cb   TimerLoadSet
0000b6b5   TouchScreenCallbackSet
000059a9   TouchScreenInit
00006a95   TouchScreenIntHandler
0000b575   UARTCharGetNonBlocking
0000b585   UARTCharPutNonBlocking
0000b6c1   UARTCharsAvail
0000a261   UARTConfigSetExpClk
0000b0f9   UARTDisable
0000b40d   UARTEnable
0000b7f1   UARTFIFOLevelSet
0000aea5   UARTFlushRx
0000a981   UARTFlushTx
0000b807   UARTIntClear
0000b781   UARTIntDisable
0000b7c3   UARTIntEnable
0000b78b   UARTIntStatus
0000a0c9   UARTPeek
0000b6cd   UARTSpaceAvail
00008325   UARTStdioConfig
0000b33b   UARTStdioInit
0000b351   UARTStdioInitExpClk
00004f51   UARTStdioIntHandler
0000a9b1   UARTgetc
00003661   UARTprintf
00007a9d   UARTwrite
20003870   UBX_buffer
20003675   UBX_ck_a
20003676   UBX_ck_b
20003670   UBX_class
20003674   UBX_counter
2000367c   UBX_ecefVZ
20003671   UBX_id
20003672   UBX_length_hi
20003673   UBX_length_lo
2000366f   UBX_step
0000adfd   WidgetAdd
0000b80b   WidgetDefaultMsgProc
00005c9d   WidgetMessageQueueAdd
0000916d   WidgetMessageQueueProcess
000076a9   WidgetMessageSendPostOrder
00009bdd   WidgetMessageSendPreOrder
0000b421   WidgetMutexGet
0000aec5   WidgetPointerMessage
00009d61   WidgetRemove
2000420c   __STACK_END
00000400   __STACK_SIZE
2000420c   __STACK_TOP
0000d3a0   __TI_CINIT_Base
0000d3b0   __TI_CINIT_Limit
0000d38c   __TI_Handler_Table_Base
0000d398   __TI_Handler_Table_Limit
00000001   __TI_args_main
00007d0d   __TI_auto_init
0000b62b   __TI_decompress_none
0000b7f7   __TI_decompress_rle24
0000d088   __TI_static_base__
0000b4dd   __TI_zero_init
0000877d   __aeabi_memclr
0000877d   __aeabi_memclr4
0000877d   __aeabi_memclr8
00007b3d   __aeabi_memcpy
00007b3d   __aeabi_memcpy4
00007b3d   __aeabi_memcpy8
0000877f   __aeabi_memset
0000877f   __aeabi_memset4
0000877f   __aeabi_memset8
0000a2e5   __aeabi_uidivmod
ffffffff   __binit__
ffffffff   __c_args__
20003e0c   __stack
0000b2dd   _args_main
0000a7ed   _c_int00
20003dec   _cleanup_ptr
20003df0   _dtors_ptr
20003de4   _lock
0000b443   _nop
0000b43b   _register_lock
0000b435   _register_unlock
20003de8   _unlock
0000a42d   abort
20003624   accEst
00007801   autoip_arp_reply
00008eaf   autoip_start
0000b5a5   autoip_stop
00006b65   autoip_tmr
ffffffff   binit
20003600   ch
20003628   checksum
2000366d   ck_a
2000366e   ck_b
0000a195   copy_in
20003608   count
200035c4   current_header
200035c0   current_netif
20003658   days
0000b245   dhcp_arp_reply
0000a4a9   dhcp_coarse_tmr
0000a641   dhcp_fine_tmr
000073d9   dhcp_release
00007ec5   dhcp_renew
000078a9   dhcp_start
0000a2a3   dhcp_stop
00005091   disk_initialize
00007f55   disk_read
0000b5c5   disk_status
0000ad2d   disk_timerproc
00007269   disk_write
00004cad   etharp_arp_input
0000ae1f   etharp_ip_input
0000702d   etharp_output
000051d1   etharp_query
00006811   etharp_raw
0000aaf1   etharp_request
0000a3e9   etharp_tmr
0000d008   ethbroadcast
00008c41   ethernet_input
0000d00e   ethzero
0000a435   exit
0000954f   f_opendir
00008ca9   f_readdir
20003604   flags
20003dac   g_bFirmwareUpdate
20002d6c   g_pcFilenames
200032c6   g_pcStatus
20003df4   g_pfnUpdateCallback
00001000   g_pfnVectors
20003470   g_ppcDirListStrings
20003db0   g_ppcStatusStrings
0000d078   g_psDefaultCodePointMapTable
20003b4c   g_sBackground
20003b8c   g_sCDBackground
20003aac   g_sCDBtn
200039b4   g_sDirList
0000cbe0   g_sFontCm20
0000cca8   g_sFontCmss12
0000cd70   g_sFontFixed6x8
0000d014   g_sFormike240x320x16_ILI9320
20003944   g_sFresultStrings
20003bcc   g_sHeading
20003c0c   g_sIPAddr
20003c4c   g_sMACAddr
20003c8c   g_sPWD
20003ccc   g_sPWDTitle
20003d7c   g_sRoot
20003a08   g_sStatusList
20003908   g_sTouchX
2000390a   g_sTouchY
20003d0c   g_sUpBackground
20003afc   g_sUpBtn
20003dc8   g_ulStatusStringIndex
0000b813   getdataz
20003638   hour
0000b25f   htonl
0000b6d9   htons
200035e8   i
0000b7cb   icmp_dest_unreach
00004005   icmp_input
0000b6e5   inet_chksum
00009ed9   inet_chksum_pbuf
00008103   inet_chksum_pseudo
00008d11   inet_ntoa
0000d000   ip_addr_any
0000d004   ip_addr_broadcast
0000a7b9   ip_addr_isbroadcast
00003875   ip_input
0000a151   ip_output
000068e9   ip_output_if
00009b3d   ip_route
0000b5d5   join_2_bytes
0000b131   join_4_bytes
0000ab1d   lwIPEthernetIntHandler
00009f21   lwIPInit
0000b6f1   lwIPLocalIPAddrGet
0000b14d   lwIPTimer
0000b6fd   lwip_init
200031dc   lwip_stats
00002c99   main
20003e00   main_func_sp
000091d1   mem_free
000095b1   mem_init
00005ab1   mem_malloc
00005ba9   mem_realloc
0000ae41   memcmp
00007b3d   memcpy
0000a4e5   memp_free
00008d79   memp_init
00009235   memp_malloc
00008785   memset
2000364c   microsecond
0000b817   millis
20003648   millisecond
2000363c   minute
2000365c   month
20003650   nanosecond
000099f5   netif_add
20003564   netif_default
0000b795   netif_is_up
20003560   netif_list
0000b169   netif_set_addr
0000b709   netif_set_default
0000b4ef   netif_set_down
0000b715   netif_set_gw
00009299   netif_set_ipaddr
0000b721   netif_set_netmask
0000af85   netif_set_up
0000b25f   ntohl
0000b6d9   ntohs
0000b79f   one_byte
000041d5   parse_ubx_gps
00005899   pbuf_alloc
0000ad51   pbuf_cat
0000b647   pbuf_chain
0000b501   pbuf_clen
00008075   pbuf_copy
00008b05   pbuf_copy_partial
00009a49   pbuf_free
0000948b   pbuf_header
00009dad   pbuf_realloc
0000b393   pbuf_ref
00008de1   raw_input
20003644   second
20003640   sow
0000a521   stellarisif_init
000088e1   stellarisif_interrupt
0000b185   strcat
0000b2f5   strcmp
0000b513   strcpy
0000b449   strlen
0000a9e1   strncpy
0000b74f   sys_arch_protect
0000b7a9   sys_arch_unprotect
000079f9   tcp_abandon
20003578   tcp_active_pcbs
00006c35   tcp_alloc
0000ce38   tcp_backoff
20003570   tcp_bound_pcbs
0000748d   tcp_close
0000b09f   tcp_eff_send_mss
000022e5   tcp_enqueue
000097e5   tcp_fasttmr
00001ba5   tcp_input
200035b8   tcp_input_pcb
00009361   tcp_keepalive
20003574   tcp_listen_pcbs
0000b30d   tcp_next_iss
00004399   tcp_output
0000a327   tcp_pcb_purge
00009611   tcp_pcb_remove
0000ce45   tcp_persist_backoff
0000afc5   tcp_recv_null
0000a6b1   tcp_recved
0000a21d   tcp_rexmit
00009c79   tcp_rexmit_fast
0000ab49   tcp_rexmit_rto
00007321   tcp_rst
0000ac71   tcp_seg_copy
0000b0bd   tcp_seg_free
0000b279   tcp_segs_free
0000b45d   tcp_send_ctrl
00008b6f   tcp_send_empty_ack
00002f21   tcp_slowtmr
2000356c   tcp_ticks
20003580   tcp_tmp_pcb
0000afe5   tcp_tmr
2000357c   tcp_tw_pcbs
0000a91d   tcp_update_rcv_ann_wnd
00007541   tcp_zero_window_probe
2000361c   towMsF
20003614   towMsR
20003620   towSubMsF
20003618   towSubMsR
0000b1a1   ubx_checksum
00009841   udp_bind
00009fb1   udp_connect
00003a71   udp_input
0000b1bd   udp_new
200035bc   udp_pcbs
0000b7fd   udp_recv
0000ab75   udp_remove
0000a821   udp_sendto
00005f65   udp_sendto_if
0000b293   usnprintf
0000b005   usprintf
0000ae63   ustrncpy
0000340d   uvsnprintf
20003654   week_year
20003660   weeks
20003610   wnF
2000360c   wnR
20003664   year


GLOBAL SYMBOLS: SORTED BY Symbol Address 

address    name
--------   ----
00000001   __TI_args_main
00000400   __STACK_SIZE
00001000   g_pfnVectors
000017e5   Formike240x320x16_ILI9320Init
00001ba5   tcp_input
000022e5   tcp_enqueue
00002c99   main
00002f21   tcp_slowtmr
000031a5   GrFontGlyphRender
0000340d   uvsnprintf
00003661   UARTprintf
00003875   ip_input
00003a71   udp_input
00003e31   Read
00004005   icmp_input
000041d5   parse_ubx_gps
00004399   tcp_output
00004539   SysCtlClockGet
00004cad   etharp_arp_input
00004e0d   SysCtlClockSet
00004f51   UARTStdioIntHandler
00005091   disk_initialize
000051d1   etharp_query
00005899   pbuf_alloc
000059a9   TouchScreenInit
00005ab1   mem_malloc
00005ba9   mem_realloc
00005c9d   WidgetMessageQueueAdd
00005f65   udp_sendto_if
00006589   OnBtnCD
00006661   OnBtnUp
00006811   etharp_raw
000068e9   ip_output_if
00006a95   TouchScreenIntHandler
00006b65   autoip_tmr
00006c35   tcp_alloc
00006ea1   GPIOPadConfigSet
00006f69   GrDefaultStringRenderer
0000702d   etharp_output
00007269   disk_write
00007321   tcp_rst
000073d9   dhcp_release
0000748d   tcp_close
00007541   tcp_zero_window_probe
000076a9   WidgetMessageSendPostOrder
00007801   autoip_arp_reply
000078a9   dhcp_start
000079f9   tcp_abandon
00007a9d   UARTwrite
00007b3d   __aeabi_memcpy
00007b3d   __aeabi_memcpy4
00007b3d   __aeabi_memcpy8
00007b3d   memcpy
00007bd9   GrRectFill
00007d0d   __TI_auto_init
00007ec5   dhcp_renew
00007f55   disk_read
00008075   pbuf_copy
00008103   inet_chksum_pseudo
00008191   OnListBoxChange
00008325   UARTStdioConfig
00008615   SysCtlPeripheralPresent
0000877d   __aeabi_memclr
0000877d   __aeabi_memclr4
0000877d   __aeabi_memclr8
0000877f   __aeabi_memset
0000877f   __aeabi_memset4
0000877f   __aeabi_memset8
00008785   memset
000088e1   stellarisif_interrupt
00008955   ADCSequenceStepConfigure
00008b05   pbuf_copy_partial
00008b6f   tcp_send_empty_ack
00008bd9   GrStringWidthGet
00008c41   ethernet_input
00008ca9   f_readdir
00008d11   inet_ntoa
00008d79   memp_init
00008de1   raw_input
00008e49   GrRectDraw
00008eaf   autoip_start
00008f15   GrContextInit
00008f79   IntDisable
00008fdd   IntEnable
00009041   ListBoxTextAdd
00009109   SoftwareUpdateInit
0000916d   WidgetMessageQueueProcess
000091d1   mem_free
00009235   memp_malloc
00009299   netif_set_ipaddr
00009361   tcp_keepalive
00009429   GrContextClipRegionSet
0000948b   pbuf_header
0000954f   f_opendir
000095b1   mem_init
00009611   tcp_pcb_remove
000097e5   tcp_fasttmr
00009841   udp_bind
0000989d   SysCtlPeripheralEnable
0000994d   Initi
000099f5   netif_add
00009a49   pbuf_free
00009aed   LocatorInit
00009b3d   ip_route
00009bdd   WidgetMessageSendPreOrder
00009c79   tcp_rexmit_fast
00009d61   WidgetRemove
00009dad   pbuf_realloc
00009ed9   inet_chksum_pbuf
00009f21   lwIPInit
00009fb1   udp_connect
00009ff9   GrLineDrawH
0000a03f   GrLineDrawV
0000a085   SSIConfigSetExpClk
0000a0c9   UARTPeek
0000a151   ip_output
0000a195   copy_in
0000a21d   tcp_rexmit
0000a261   UARTConfigSetExpClk
0000a2a3   dhcp_stop
0000a2e5   __aeabi_uidivmod
0000a327   tcp_pcb_purge
0000a3e9   etharp_tmr
0000a429   C$$EXIT
0000a42d   abort
0000a435   exit
0000a4a9   dhcp_coarse_tmr
0000a4e5   memp_free
0000a521   stellarisif_init
0000a597   EthernetMACAddrSet
0000a5d1   FlashUserGet
0000a641   dhcp_fine_tmr
0000a6b1   tcp_recved
0000a6e7   EthernetMACAddrGet
0000a71d   LocatorAppTitleSet
0000a7b9   ip_addr_isbroadcast
0000a7ed   _c_int00
0000a821   udp_sendto
0000a91d   tcp_update_rcv_ann_wnd
0000a981   UARTFlushTx
0000a9b1   UARTgetc
0000a9e1   strncpy
0000aa11   GPIODirModeSet
0000aaf1   etharp_request
0000ab1d   lwIPEthernetIntHandler
0000ab49   tcp_rexmit_rto
0000ab75   udp_remove
0000aba1   ADCSequenceConfigure
0000abcb   EthernetConfigSet
0000abf5   GrFontBaselineGet
0000ac1f   GrFontHeightGet
0000ac49   GrStringNextCharGet
0000ac71   tcp_seg_copy
0000ac99   GrFontInfoGet
0000ace5   TimerConfigure
0000ad2d   disk_timerproc
0000ad51   pbuf_cat
0000ad75   EthernetEnable
0000ad97   GrFontGlyphDataGet
0000adb9   ListBoxMsgProc
0000addb   RectangularButtonMsgProc
0000adfd   WidgetAdd
0000ae1f   etharp_ip_input
0000ae41   memcmp
0000ae63   ustrncpy
0000ae85   LocatorMACAddrSet
0000aea5   UARTFlushRx
0000aec5   WidgetPointerMessage
0000af85   netif_set_up
0000afc5   tcp_recv_null
0000afe5   tcp_tmr
0000b005   usprintf
0000b045   EthernetPHYRead
0000b063   GrFontCodepageGet
0000b09f   tcp_eff_send_mss
0000b0bd   tcp_seg_free
0000b0dd   SoftwareUpdateBegin
0000b0f9   UARTDisable
0000b131   join_4_bytes
0000b14d   lwIPTimer
0000b169   netif_set_addr
0000b185   strcat
0000b1a1   ubx_checksum
0000b1bd   udp_new
0000b245   dhcp_arp_reply
0000b25f   htonl
0000b25f   ntohl
0000b279   tcp_segs_free
0000b293   usnprintf
0000b2ad   TimerControlTrigger
0000b2dd   _args_main
0000b2f5   strcmp
0000b30d   tcp_next_iss
0000b33b   UARTStdioInit
0000b351   UARTStdioInitExpClk
0000b393   pbuf_ref
0000b3a9   CanvasMsgProc
0000b3bd   EthernetInitExpClk
0000b3d1   SysTickEnable
0000b3e5   SysTickIntDisable
0000b3f9   SysTickIntEnable
0000b40d   UARTEnable
0000b421   WidgetMutexGet
0000b435   _register_unlock
0000b43b   _register_lock
0000b443   _nop
0000b449   strlen
0000b45d   tcp_send_ctrl
0000b471   ADCHardwareOversampleConfigure
0000b483   GPIOPinTypeGPIOOutput
0000b495   GPIOPinTypeSSI
0000b4a7   GPIOPinTypeUART
0000b4cb   TimerLoadSet
0000b4dd   __TI_zero_init
0000b4ef   netif_set_down
0000b501   pbuf_clen
0000b513   strcpy
0000b525   ADCIntEnable
0000b545   GrStringDraw
0000b565   SysTickPeriodSet
0000b575   UARTCharGetNonBlocking
0000b585   UARTCharPutNonBlocking
0000b5a5   autoip_stop
0000b5c5   disk_status
0000b5d5   join_2_bytes
0000b5e5   ADCSequenceEnable
0000b5f3   GrImageDraw
0000b60f   SysTickHandler
0000b61d   TimerEnable
0000b62b   __TI_decompress_none
0000b647   pbuf_chain
0000b655   CPUcpsid
0000b661   CPUcpsie
0000b66d   EthernetIntStatus
0000b679   Formike240x320x16_ILI9320BacklightOn
0000b691   SSIDataGet
0000b69d   SoftwareUpdateRequestCallback
0000b6a9   SysCtlLDOSet
0000b6b5   TouchScreenCallbackSet
0000b6c1   UARTCharsAvail
0000b6cd   UARTSpaceAvail
0000b6d9   htons
0000b6d9   ntohs
0000b6e5   inet_chksum
0000b6f1   lwIPLocalIPAddrGet
0000b6fd   lwip_init
0000b709   netif_set_default
0000b715   netif_set_gw
0000b721   netif_set_netmask
0000b745   EthernetIntDisable
0000b74f   IntMasterDisable
0000b74f   sys_arch_protect
0000b759   IntMasterEnable
0000b763   SSIDataPut
0000b76d   SSIDisable
0000b777   SSIEnable
0000b781   UARTIntDisable
0000b78b   UARTIntStatus
0000b795   netif_is_up
0000b79f   one_byte
0000b7a9   sys_arch_unprotect
0000b7b3   EthernetIntEnable
0000b7bb   GrMapISO8859_1_Unicode
0000b7c3   UARTIntEnable
0000b7cb   icmp_dest_unreach
0000b7d3   Formike240x320x16_ILI9320ControllerIdGet
0000b7d9   GPIOPinWrite
0000b7df   GrContextFontSet
0000b7e5   ResetISR
0000b7eb   SysCtlDelay
0000b7f1   UARTFIFOLevelSet
0000b7f7   __TI_decompress_rle24
0000b7fd   udp_recv
0000b803   EthernetIntClear
0000b807   UARTIntClear
0000b80b   WidgetDefaultMsgProc
0000b813   getdataz
0000b817   millis
0000cbe0   g_sFontCm20
0000cca8   g_sFontCmss12
0000cd70   g_sFontFixed6x8
0000ce38   tcp_backoff
0000ce45   tcp_persist_backoff
0000d000   ip_addr_any
0000d004   ip_addr_broadcast
0000d008   ethbroadcast
0000d00e   ethzero
0000d014   g_sFormike240x320x16_ILI9320
0000d078   g_psDefaultCodePointMapTable
0000d088   __TI_static_base__
0000d38c   __TI_Handler_Table_Base
0000d398   __TI_Handler_Table_Limit
0000d3a0   __TI_CINIT_Base
0000d3b0   __TI_CINIT_Limit
20002d6c   g_pcFilenames
200031dc   lwip_stats
200032c6   g_pcStatus
20003470   g_ppcDirListStrings
20003560   netif_list
20003564   netif_default
2000356c   tcp_ticks
20003570   tcp_bound_pcbs
20003574   tcp_listen_pcbs
20003578   tcp_active_pcbs
2000357c   tcp_tw_pcbs
20003580   tcp_tmp_pcb
200035b8   tcp_input_pcb
200035bc   udp_pcbs
200035c0   current_netif
200035c4   current_header
200035e8   i
200035ec   PosData
200035f0   Time
200035f4   Lattitude
200035f8   Longitude
200035fc   Altitude
20003600   ch
20003604   flags
20003608   count
2000360c   wnR
20003610   wnF
20003614   towMsR
20003618   towSubMsR
2000361c   towMsF
20003620   towSubMsF
20003624   accEst
20003628   checksum
2000362c   Ground_Speed
20003630   Speed_3d
20003634   Ground_Course
20003638   hour
2000363c   minute
20003640   sow
20003644   second
20003648   millisecond
2000364c   microsecond
20003650   nanosecond
20003654   week_year
20003658   days
2000365c   month
20003660   weeks
20003664   year
20003668   NumSats
20003669   Fix
2000366a   RTC
2000366b   NewData
2000366c   PrintErrors
2000366d   ck_a
2000366e   ck_b
2000366f   UBX_step
20003670   UBX_class
20003671   UBX_id
20003672   UBX_length_hi
20003673   UBX_length_lo
20003674   UBX_counter
20003675   UBX_ck_a
20003676   UBX_ck_b
20003678   GPS_timer
2000367c   UBX_ecefVZ
20003870   UBX_buffer
20003908   g_sTouchX
2000390a   g_sTouchY
20003944   g_sFresultStrings
200039b4   g_sDirList
20003a08   g_sStatusList
20003aac   g_sCDBtn
20003afc   g_sUpBtn
20003b4c   g_sBackground
20003b8c   g_sCDBackground
20003bcc   g_sHeading
20003c0c   g_sIPAddr
20003c4c   g_sMACAddr
20003c8c   g_sPWD
20003ccc   g_sPWDTitle
20003d0c   g_sUpBackground
20003d7c   g_sRoot
20003dac   g_bFirmwareUpdate
20003db0   g_ppcStatusStrings
20003dc8   g_ulStatusStringIndex
20003de4   _lock
20003de8   _unlock
20003dec   _cleanup_ptr
20003df0   _dtors_ptr
20003df4   g_pfnUpdateCallback
20003e00   main_func_sp
20003e0c   __stack
2000420c   __STACK_END
2000420c   __STACK_TOP
ffffffff   __binit__
ffffffff   __c_args__
ffffffff   binit
UNDEFED    SHT$$INIT_ARRAY$$Base
UNDEFED    SHT$$INIT_ARRAY$$Limit

[393 symbols]
