******************************************************************************
                  TI ARM Linker PC v5.0.1                      
******************************************************************************
>> Linked Wed Jun 05 21:12:46 2013

OUTPUT FILE NAME:   <ERGO Gen 5 Test1.out>
ENTRY POINT SYMBOL: "_c_int00"  address: 0000a855


MEMORY CONFIGURATION

         name            origin    length      used     unused   attr    fill
----------------------  --------  ---------  --------  --------  ----  --------
  FLASH                 00001000   0003f000  0000c2c2  00032d3e  R  X
  SRAM                  20000000   00010000  00004435  0000bbcb  RW X


SEGMENT ALLOCATION MAP

run origin  load origin   length   init length attrs members
----------  ----------- ---------- ----------- ----- -------
00001000    00001000    0000c2c8   0000c2c8    r-x
  00001000    00001000    000000f0   000000f0    r-- .intvecs
  000010f0    000010f0    0000a792   0000a792    r-x .text
  0000b884    0000b884    00001868   00001868    r-- .const
  0000d0f0    0000d0f0    000001d8   000001d8    r-- .cinit
20000000    20000000    00003b6f   00000000    rw-
  20000000    20000000    00003b6f   00000000    rw- .bss
20003b70    20003b70    000008c8   000004c6    rw-
  20003b70    20003b70    000004c6   000004c6    rw- .data
  20004038    20004038    00000400   00000000    rw- .stack


SECTION ALLOCATION MAP

 output                                  attributes/
section   page    origin      length       input sections
--------  ----  ----------  ----------   ----------------
.init_array 
*          0    00001000    00000000     UNINITIALIZED

.intvecs   0    00001000    000000f0     
                  00001000    000000f0     startup_ccs.obj (.intvecs)

.text      0    000010f0    0000a792     
                  000010f0    000006f4     lwiplib.obj (.text:tcp_receive)
                  000017e4    000003be     formike240x320x16_ili9320.obj (.text:Formike240x320x16_ILI9320Init)
                  00001ba2    00000002     startup_ccs.obj (.text:FaultISR)
                  00001ba4    000003a0     lwiplib.obj (.text:tcp_input)
                  00001f44    000003a0     lwiplib.obj (.text:tcp_process)
                  000022e4    00000388     lwiplib.obj (.text:tcp_enqueue)
                  0000266c    00000368     grlib-cm3.lib : image.obj (.text:InternalImageDraw)
                  000029d4    0000030c     sd_card.obj (.text:main)
                  00002ce0    000002c4     grlib-cm3.lib : image.obj (.text:PixelTransparentDraw)
                  00002fa4    00000284     lwiplib.obj (.text:tcp_slowtmr)
                  00003228    00000266     grlib-cm3.lib : string.obj (.text:GrFontGlyphRender)
                  0000348e    00000002     formike240x320x16_ili9320.obj (.text:Formike240x320x16_ILI9320Flush)
                  00003490    00000252     ustdlib.obj (.text:uvsnprintf)
                  000036e2    00000002     startup_ccs.obj (.text:IntDefaultHandler)
                  000036e4    00000212     uartstdio.obj (.text:UARTprintf)
                  000038f6    00000002     startup_ccs.obj (.text:NmiSR)
                  000038f8    000001fc     lwiplib.obj (.text:ip_input)
                  00003af4    000001e8     lwiplib.obj (.text:udp_input)
                  00003cdc    000001d6     grlib-cm3.lib : listbox.obj (.text:ListBoxPaint)
                  00003eb2    00000002     --HOLE-- [fill = 0]
                  00003eb4    000001d4     GPS.obj (.text:Read)
                  00004088    000001d0     lwiplib.obj (.text:icmp_input)
                  00004258    000001c4     GPS.obj (.text:parse_ubx_gps)
                  0000441c    000001a0     lwiplib.obj (.text:tcp_output)
                  000045bc    00000198     driverlib-cm3.lib : sysctl.obj (.text:SysCtlClockGet)
                  00004754    00000186     grlib-cm3.lib : canvas.obj (.text:CanvasPaint)
                  000048da    00000180                   : listbox.obj (.text:ListBoxPointer)
                  00004a5a    0000016e                   : pushbutton.obj (.text:RectangularButtonPaint)
                  00004bc8    00000168     ff.obj (.text:auto_mount)
                  00004d30    00000160     lwiplib.obj (.text:etharp_arp_input)
                  00004e90    00000144     driverlib-cm3.lib : sysctl.obj (.text:SysCtlClockSet)
                  00004fd4    00000140     uartstdio.obj (.text:UARTStdioIntHandler)
                  00005114    00000140     mmc-rdk-idm.obj (.text:disk_initialize)
                  00005254    00000130     lwiplib.obj (.text:etharp_query)
                  00005384    00000130     lwiplib.obj (.text:find_entry)
                  000054b4    0000011e     formike240x320x16_ili9320.obj (.text:Formike240x320x16_ILI9320PixelDrawMultiple)
                  000055d2    00000002     --HOLE-- [fill = 0]
                  000055d4    0000011c     lwiplib.obj (.text:tcp_listen_input)
                  000056f0    00000118     lwiplib.obj (.text:dhcp_create_request)
                  00005808    00000114     touch.obj (.text:TouchScreenDebouncer)
                  0000591c    00000110     lwiplib.obj (.text:pbuf_alloc)
                  00005a2c    00000108     touch.obj (.text:TouchScreenInit)
                  00005b34    000000f8     lwiplib.obj (.text:mem_malloc)
                  00005c2c    000000f4     lwiplib.obj (.text:mem_realloc)
                  00005d20    000000f0     grlib-cm3.lib : widget.obj (.text:WidgetMessageQueueAdd)
                  00005e10    000000ec                   : pushbutton.obj (.text:RectangularButtonClick)
                  00005efc    000000ec     lwiplib.obj (.text:dhcp_select)
                  00005fe8    000000e8     lwiplib.obj (.text:udp_sendto_if)
                  000060d0    000000e4     lwiplib.obj (.text:dhcp_bind)
                  000061b4    000000e2     lwiplib.obj (.text:dhcp_handle_ack)
                  00006296    00000002     --HOLE-- [fill = 0]
                  00006298    000000e0     lwiplib.obj (.text:dhcp_discover)
                  00006378    000000de     ff.obj (.text:make_dirfile)
                  00006456    000000de     ff.obj (.text:trace_path)
                  00006534    000000d8     sd_card.obj (.text:ChangeToDirectory)
                  0000660c    000000d8     sd_card.obj (.text:OnBtnCD)
                  000066e4    000000d8     sd_card.obj (.text:OnBtnUp)
                  000067bc    000000d8     lwiplib.obj (.text:dhcp_recv)
                  00006894    000000d8     lwiplib.obj (.text:etharp_raw)
                  0000696c    000000d8     lwiplib.obj (.text:ip_output_if)
                  00006a44    000000d4     sd_card.obj (.text:PopulateFileListBox)
                  00006b18    000000d0     touch.obj (.text:TouchScreenIntHandler)
                  00006be8    000000d0     lwiplib.obj (.text:autoip_tmr)
                  00006cb8    000000d0     lwiplib.obj (.text:tcp_alloc)
                  00006d88    000000d0     lwiplib.obj (.text:tcp_output_segment)
                  00006e58    000000cc     lwiplib.obj (.text:lwIPPrivateInit)
                  00006f24    000000c8     driverlib-cm3.lib : gpio.obj (.text:GPIOPadConfigSet)
                  00006fec    000000c4     grlib-cm3.lib : string.obj (.text:GrDefaultStringRenderer)
                  000070b0    000000c4     lwiplib.obj (.text:etharp_output)
                  00007174    000000bc     ff.obj (.text:get_cluster)
                  00007230    000000bc     lwiplib.obj (.text:lwIPServiceTimers)
                  000072ec    000000b8     mmc-rdk-idm.obj (.text:disk_write)
                  000073a4    000000b8     lwiplib.obj (.text:tcp_rst)
                  0000745c    000000b4     lwiplib.obj (.text:dhcp_release)
                  00007510    000000b4     lwiplib.obj (.text:tcp_close)
                  000075c4    000000b4     lwiplib.obj (.text:tcp_zero_window_probe)
                  00007678    000000b2     formike240x320x16_ili9320.obj (.text:Formike240x320x16_ILI9320RectFill)
                  0000772a    00000002     --HOLE-- [fill = 0]
                  0000772c    000000ac     grlib-cm3.lib : widget.obj (.text:WidgetMessageSendPostOrder)
                  000077d8    000000ac     lwiplib.obj (.text:dhcp_reboot)
                  00007884    000000a8     lwiplib.obj (.text:autoip_arp_reply)
                  0000792c    000000a8     lwiplib.obj (.text:dhcp_start)
                  000079d4    000000a8     lwiplib.obj (.text:stellarisif_transmit)
                  00007a7c    000000a4     lwiplib.obj (.text:tcp_abandon)
                  00007b20    000000a0     uartstdio.obj (.text:UARTwrite)
                  00007bc0    0000009c     rtsv7M3_T_le_eabi.lib : memcpy_t2.obj (.text)
                  00007c5c    0000009a     grlib-cm3.lib : rectangle.obj (.text:GrRectFill)
                  00007cf6    00000002     --HOLE-- [fill = 0]
                  00007cf8    00000098     lwiplib.obj (.text:update_arp_entry)
                  00007d90    00000094     rtsv7M3_T_le_eabi.lib : auto_init.obj (.text)
                  00007e24    00000094     lwiplib.obj (.text:stellarisif_receive)
                  00007eb8    00000090     lwiplib.obj (.text:dhcp_rebind)
                  00007f48    00000090     lwiplib.obj (.text:dhcp_renew)
                  00007fd8    00000090     mmc-rdk-idm.obj (.text:disk_read)
                  00008068    00000090     lwiplib.obj (.text:tcp_oos_insert_segment)
                  000080f8    0000008e     lwiplib.obj (.text:pbuf_copy)
                  00008186    0000008c     lwiplib.obj (.text:inet_chksum_pseudo)
                  00008212    00000002     --HOLE-- [fill = 0]
                  00008214    00000088     sd_card.obj (.text:OnListBoxChange)
                  0000829c    00000088     lwiplib.obj (.text:tcp_timewait_input)
                  00008324    00000084     locator.obj (.text:LocatorReceive)
                  000083a8    00000084     uartstdio.obj (.text:UARTStdioConfig)
                  0000842c    00000080     lwiplib.obj (.text:tcp_parseopt)
                  000084ac    0000007c     lwiplib.obj (.text:dhcp_timeout)
                  00008528    0000007c     mmc-rdk-idm.obj (.text:power_on)
                  000085a4    0000007a     lwiplib.obj (.text:dhcp_get_option_ptr)
                  0000861e    0000007a     ff.obj (.text:move_window)
                  00008698    00000078     driverlib-cm3.lib : sysctl.obj (.text:SysCtlPeripheralPresent)
                  00008710    00000078     lwiplib.obj (.text:dhcp_decline)
                  00008788    00000078     ff.obj (.text:get_fileinfo)
                  00008800    00000078     rtsv7M3_T_le_eabi.lib : memset_t2.obj (.text)
                  00008878    00000078     lwiplib.obj (.text:tcp_output_set_header)
                  000088f0    00000074     uartstdio.obj (.text:UARTPrimeTransmit)
                  00008964    00000074     lwiplib.obj (.text:stellarisif_interrupt)
                  000089d8    0000006c     driverlib-cm3.lib : adc.obj (.text:ADCSequenceStepConfigure)
                  00008a44    0000006c     lwiplib.obj (.text:dhcp_unfold_reply)
                  00008ab0    0000006c     lwiplib.obj (.text:icmp_send_response)
                  00008b1c    0000006c     lwiplib.obj (.text:stellarisif_hwinit)
                  00008b88    0000006a     lwiplib.obj (.text:pbuf_copy_partial)
                  00008bf2    0000006a     lwiplib.obj (.text:tcp_send_empty_ack)
                  00008c5c    00000068     grlib-cm3.lib : string.obj (.text:GrStringWidthGet)
                  00008cc4    00000068     lwiplib.obj (.text:ethernet_input)
                  00008d2c    00000068     ff.obj (.text:f_readdir)
                  00008d94    00000068     lwiplib.obj (.text:inet_ntoa)
                  00008dfc    00000068     lwiplib.obj (.text:memp_init)
                  00008e64    00000068     lwiplib.obj (.text:raw_input)
                  00008ecc    00000066     grlib-cm3.lib : rectangle.obj (.text:GrRectDraw)
                  00008f32    00000066     lwiplib.obj (.text:autoip_start)
                  00008f98    00000064     grlib-cm3.lib : context.obj (.text:GrContextInit)
                  00008ffc    00000064     driverlib-cm3.lib : interrupt.obj (.text:IntDisable)
                  00009060    00000064                       : interrupt.obj (.text:IntEnable)
                  000090c4    00000064     grlib-cm3.lib : listbox.obj (.text:ListBoxTextAdd)
                  00009128    00000064     sd_card.obj (.text:PrintfStatus)
                  0000918c    00000064     swupdate.obj (.text:SoftwareUpdateInit)
                  000091f0    00000064     grlib-cm3.lib : widget.obj (.text:WidgetMessageQueueProcess)
                  00009254    00000064     lwiplib.obj (.text:mem_free)
                  000092b8    00000064     lwiplib.obj (.text:memp_malloc)
                  0000931c    00000064     lwiplib.obj (.text:netif_set_ipaddr)
                  00009380    00000064     lwiplib.obj (.text:plug_holes)
                  000093e4    00000064     lwiplib.obj (.text:tcp_keepalive)
                  00009448    00000064     lwiplib.obj (.text:tcp_new_port)
                  000094ac    00000062     grlib-cm3.lib : context.obj (.text:GrContextClipRegionSet)
                  0000950e    00000062     lwiplib.obj (.text:pbuf_header)
                  00009570    00000062     mmc-rdk-idm.obj (.text:send_cmd)
                  000095d2    00000060     ff.obj (.text:f_opendir)
                  00009632    00000002     --HOLE-- [fill = 0]
                  00009634    00000060     lwiplib.obj (.text:mem_init)
                  00009694    00000060     lwiplib.obj (.text:tcp_pcb_remove)
                  000096f4    0000005e     ff.obj (.text:check_fs)
                  00009752    0000005e     rtsv7M3_T_le_eabi.lib : copy_decompress_rle.obj (.text)
                  000097b0    0000005c     grlib-cm3.lib : string.obj (.text:FontWideGlyphDataGet)
                  0000980c    0000005c     swupdate.obj (.text:SoftwareUpdateUDPReceive)
                  00009868    0000005c     lwiplib.obj (.text:tcp_fasttmr)
                  000098c4    0000005c     lwiplib.obj (.text:udp_bind)
                  00009920    00000058     driverlib-cm3.lib : sysctl.obj (.text:SysCtlPeripheralEnable)
                  00009978    00000056     ff.obj (.text:next_dir_entry)
                  000099ce    00000002     --HOLE-- [fill = 0]
                  000099d0    00000054     lwiplib.obj (.text:autoip_create_addr)
                  00009a24    00000054     lwiplib.obj (.text:netif_add)
                  00009a78    00000052     lwiplib.obj (.text:pbuf_free)
                  00009aca    00000052     mmc-rdk-idm.obj (.text:xmit_datablock)
                  00009b1c    00000050     locator.obj (.text:LocatorInit)
                  00009b6c    00000050     lwiplib.obj (.text:ip_route)
                  00009bbc    00000050     lwiplib.obj (.text:stellarisif_output)
                  00009c0c    0000004e     grlib-cm3.lib : widget.obj (.text:WidgetMessageSendPreOrder)
                  00009c5a    0000004e     lwiplib.obj (.text:lwip_standard_chksum)
                  00009ca8    0000004e     lwiplib.obj (.text:tcp_rexmit_fast)
                  00009cf6    0000004c     formike240x320x16_ili9320.obj (.text:Formike240x320x16_ILI9320LineDrawH)
                  00009d42    0000004c     formike240x320x16_ili9320.obj (.text:Formike240x320x16_ILI9320LineDrawV)
                  00009d8e    00000002     --HOLE-- [fill = 0]
                  00009d90    0000004c     grlib-cm3.lib : widget.obj (.text:WidgetRemove)
                  00009ddc    0000004c     lwiplib.obj (.text:pbuf_realloc)
                  00009e28    0000004c     lwiplib.obj (.text:tcp_kill_prio)
                  00009e74    0000004a     grlib-cm3.lib : string.obj (.text:UpdateContextCharMapping)
                  00009ebe    0000004a     lwiplib.obj (.text:autoip_start_probing)
                  00009f08    00000048     lwiplib.obj (.text:inet_chksum_pbuf)
                  00009f50    00000048     lwiplib.obj (.text:lwIPInit)
                  00009f98    00000048     mmc-rdk-idm.obj (.text:rcvr_datablock)
                  00009fe0    00000048     lwiplib.obj (.text:udp_connect)
                  0000a028    00000046     grlib-cm3.lib : line.obj (.text:GrLineDrawH)
                  0000a06e    00000046                   : line.obj (.text:GrLineDrawV)
                  0000a0b4    00000044     driverlib-cm3.lib : ssi.obj (.text:SSIConfigSetExpClk)
                  0000a0f8    00000044     uartstdio.obj (.text:UARTPeek)
                  0000a13c    00000044     lwiplib.obj (.text:enqueue_packet)
                  0000a180    00000044     lwiplib.obj (.text:ip_output)
                  0000a1c4    00000044     rtsv7M3_T_le_eabi.lib : cpy_tbl.obj (.text)
                  0000a208    00000044     mmc-rdk-idm.obj (.text:send_initial_clock_train)
                  0000a24c    00000044     lwiplib.obj (.text:tcp_rexmit)
                  0000a290    00000042     driverlib-cm3.lib : uart.obj (.text:UARTConfigSetExpClk)
                  0000a2d2    00000042     lwiplib.obj (.text:dhcp_stop)
                  0000a314    00000042     rtsv7M3_T_le_eabi.lib : u_divt2.obj (.text)
                  0000a356    00000042     lwiplib.obj (.text:tcp_pcb_purge)
                  0000a398    00000040     formike240x320x16_ili9320.obj (.text:ReadData)
                  0000a3d8    00000040     lwiplib.obj (.text:dhcp_option_long)
                  0000a418    00000040     lwiplib.obj (.text:etharp_tmr)
                  0000a458    00000040     rtsv7M3_T_le_eabi.lib : exit.obj (.text)
                  0000a498    00000040     mmc-rdk-idm.obj (.text:set_max_speed)
                  0000a4d8    0000003c     lwiplib.obj (.text:dhcp_coarse_tmr)
                  0000a514    0000003c     lwiplib.obj (.text:memp_free)
                  0000a550    0000003c     lwiplib.obj (.text:stellarisif_init)
                  0000a58c    0000003a     grlib-cm3.lib : string.obj (.text:FontGlyphDataGet)
                  0000a5c6    00000038     driverlib-cm3.lib : ethernet.obj (.text:EthernetMACAddrSet)
                  0000a5fe    00000002     --HOLE-- [fill = 0]
                  0000a600    00000038                       : flash.obj (.text:FlashUserGet)
                  0000a638    00000038     lwiplib.obj (.text:autoip_bind)
                  0000a670    00000038     lwiplib.obj (.text:dhcp_fine_tmr)
                  0000a6a8    00000038     ff.obj (.text:f_mount)
                  0000a6e0    00000038     lwiplib.obj (.text:tcp_kill_timewait)
                  0000a718    00000036     lwiplib.obj (.text:tcp_recved)
                  0000a74e    00000034     driverlib-cm3.lib : ethernet.obj (.text:EthernetMACAddrGet)
                  0000a782    00000002     --HOLE-- [fill = 0]
                  0000a784    00000034     locator.obj (.text:LocatorAppTitleSet)
                  0000a7b8    00000034     lwiplib.obj (.text:autoip_arp_probe)
                  0000a7ec    00000034     lwiplib.obj (.text:dhcp_handle_nak)
                  0000a820    00000034     lwiplib.obj (.text:ip_addr_isbroadcast)
                  0000a854    00000034     rtsv7M3_T_le_eabi.lib : boot.obj (.text)
                  0000a888    00000034     lwiplib.obj (.text:udp_sendto)
                  0000a8bc    00000032     lwiplib.obj (.text:dhcp_handle_offer)
                  0000a8ee    00000032     lwiplib.obj (.text:dhcp_option_trailer)
                  0000a920    00000032     lwiplib.obj (.text:etharp_send_ip)
                  0000a952    00000032     mmc-rdk-idm.obj (.text:send_cmd12)
                  0000a984    00000032     lwiplib.obj (.text:tcp_update_rcv_ann_wnd)
                  0000a9b6    00000002     --HOLE-- [fill = 0]
                  0000a9b8    00000030     sd_card.obj (.text:StringFromFresult)
                  0000a9e8    00000030     uartstdio.obj (.text:UARTFlushTx)
                  0000aa18    00000030     uartstdio.obj (.text:UARTgetc)
                  0000aa48    00000030     rtsv7M3_T_le_eabi.lib : strncpy.obj (.text)
                  0000aa78    0000002e     driverlib-cm3.lib : gpio.obj (.text:GPIODirModeSet)
                  0000aaa6    0000002e     lwiplib.obj (.text:dequeue_packet)
                  0000aad4    0000002c     formike240x320x16_ili9320.obj (.text:Formike240x320x16_ILI9320PixelDraw)
                  0000ab00    0000002c     grlib-cm3.lib : widget.obj (.text:WidgetIsInTree)
                  0000ab2c    0000002c     lwiplib.obj (.text:autoip_arp_announce)
                  0000ab58    0000002c     lwiplib.obj (.text:etharp_request)
                  0000ab84    0000002c     lwiplib.obj (.text:lwIPEthernetIntHandler)
                  0000abb0    0000002c     lwiplib.obj (.text:tcp_rexmit_rto)
                  0000abdc    0000002c     lwiplib.obj (.text:udp_remove)
                  0000ac08    0000002a     driverlib-cm3.lib : adc.obj (.text:ADCSequenceConfigure)
                  0000ac32    0000002a                       : ethernet.obj (.text:EthernetConfigSet)
                  0000ac5c    0000002a     grlib-cm3.lib : string.obj (.text:GrFontBaselineGet)
                  0000ac86    0000002a                   : string.obj (.text:GrFontHeightGet)
                  0000acb0    00000028                   : string.obj (.text:GrStringNextCharGet)
                  0000acd8    00000028     lwiplib.obj (.text:tcp_seg_copy)
                  0000ad00    00000026     grlib-cm3.lib : string.obj (.text:GrFontInfoGet)
                  0000ad26    00000026     lwiplib.obj (.text:dhcp_check)
                  0000ad4c    00000024     driverlib-cm3.lib : timer.obj (.text:TimerConfigure)
                  0000ad70    00000024     formike240x320x16_ili9320.obj (.text:WriteCommand)
                  0000ad94    00000024     mmc-rdk-idm.obj (.text:disk_timerproc)
                  0000adb8    00000024     lwiplib.obj (.text:pbuf_cat)
                  0000addc    00000022     driverlib-cm3.lib : ethernet.obj (.text:EthernetEnable)
                  0000adfe    00000022     grlib-cm3.lib : string.obj (.text:GrFontGlyphDataGet)
                  0000ae20    00000022                   : listbox.obj (.text:ListBoxMsgProc)
                  0000ae42    00000022                   : pushbutton.obj (.text:RectangularButtonMsgProc)
                  0000ae64    00000022                   : widget.obj (.text:WidgetAdd)
                  0000ae86    00000022     lwiplib.obj (.text:etharp_ip_input)
                  0000aea8    00000022     rtsv7M3_T_le_eabi.lib : memcmp.obj (.text)
                  0000aeca    00000022     ustdlib.obj (.text:ustrncpy)
                  0000aeec    00000020     locator.obj (.text:LocatorMACAddrSet)
                  0000af0c    00000020     uartstdio.obj (.text:UARTFlushRx)
                  0000af2c    00000020     grlib-cm3.lib : widget.obj (.text:WidgetPointerMessage)
                  0000af4c    00000020     formike240x320x16_ili9320.obj (.text:WriteData)
                  0000af6c    00000020     lwiplib.obj (.text:autoip_handle_arp_conflict)
                  0000af8c    00000020     lwiplib.obj (.text:dhcp_free_reply)
                  0000afac    00000020     lwiplib.obj (.text:dhcp_option)
                  0000afcc    00000020     lwiplib.obj (.text:dhcp_option_short)
                  0000afec    00000020     lwiplib.obj (.text:netif_set_up)
                  0000b00c    00000020     mmc-rdk-idm.obj (.text:rcvr_spi)
                  0000b02c    00000020     lwiplib.obj (.text:tcp_recv_null)
                  0000b04c    00000020     lwiplib.obj (.text:tcp_tmr)
                  0000b06c    00000020     ustdlib.obj (.text:usprintf)
                  0000b08c    00000020     mmc-rdk-idm.obj (.text:wait_ready)
                  0000b0ac    0000001e     driverlib-cm3.lib : ethernet.obj (.text:EthernetPHYRead)
                  0000b0ca    0000001e     grlib-cm3.lib : string.obj (.text:GrFontCodepageGet)
                  0000b0e8    0000001e     lwiplib.obj (.text:free_etharp_q)
                  0000b106    0000001e     lwiplib.obj (.text:tcp_eff_send_mss)
                  0000b124    0000001e     lwiplib.obj (.text:tcp_seg_free)
                  0000b142    00000002     --HOLE-- [fill = 0]
                  0000b144    0000001c     swupdate.obj (.text:SoftwareUpdateBegin)
                  0000b160    0000001c     driverlib-cm3.lib : uart.obj (.text:UARTDisable)
                  0000b17c    0000001c     lwiplib.obj (.text:dhcp_get_option_long)
                  0000b198    0000001c     GPS.obj (.text:join_4_bytes)
                  0000b1b4    0000001c     lwiplib.obj (.text:lwIPTimer)
                  0000b1d0    0000001c     lwiplib.obj (.text:netif_set_addr)
                  0000b1ec    0000001c     rtsv7M3_T_le_eabi.lib : strcat.obj (.text)
                  0000b208    0000001c     GPS.obj (.text:ubx_checksum)
                  0000b224    0000001c     lwiplib.obj (.text:udp_new)
                  0000b240    0000001c     ff.obj (.text:validate)
                  0000b25c    0000001c     mmc-rdk-idm.obj (.text:xmit_spi)
                  0000b278    0000001a     uartstdio.obj (.text:IsBufferFull)
                  0000b292    0000001a     ff.obj (.text:clust2sect)
                  0000b2ac    0000001a     lwiplib.obj (.text:dhcp_arp_reply)
                  0000b2c6    0000001a     lwiplib.obj (.text:htonl)
                  0000b2e0    0000001a     lwiplib.obj (.text:tcp_segs_free)
                  0000b2fa    0000001a     ustdlib.obj (.text:usnprintf)
                  0000b314    00000018     driverlib-cm3.lib : timer.obj (.text:TimerControlTrigger)
                  0000b32c    00000018     lwiplib.obj (.text:dhcp_delete_request)
                  0000b344    00000018     rtsv7M3_T_le_eabi.lib : args_main.obj (.text)
                  0000b35c    00000018                           : strcmp.obj (.text)
                  0000b374    00000018     lwiplib.obj (.text:tcp_next_iss)
                  0000b38c    00000016     formike240x320x16_ili9320.obj (.text:Formike240x320x16_ILI9320ColorTranslate)
                  0000b3a2    00000016     uartstdio.obj (.text:UARTStdioInit)
                  0000b3b8    00000016     uartstdio.obj (.text:UARTStdioInitExpClk)
                  0000b3ce    00000016     lwiplib.obj (.text:dhcp_t1_timeout)
                  0000b3e4    00000016     lwiplib.obj (.text:dhcp_t2_timeout)
                  0000b3fa    00000016     lwiplib.obj (.text:pbuf_ref)
                  0000b410    00000014     grlib-cm3.lib : canvas.obj (.text:CanvasMsgProc)
                  0000b424    00000014     driverlib-cm3.lib : ethernet.obj (.text:EthernetInitExpClk)
                  0000b438    00000014                       : systick.obj (.text:SysTickEnable)
                  0000b44c    00000014                       : systick.obj (.text:SysTickIntDisable)
                  0000b460    00000014                       : systick.obj (.text:SysTickIntEnable)
                  0000b474    00000014                       : uart.obj (.text:UARTEnable)
                  0000b488    00000014     grlib-cm3.lib : widget.obj (.text:WidgetMutexGet)
                  0000b49c    00000014     rtsv7M3_T_le_eabi.lib : _lock.obj (.text)
                  0000b4b0    00000014                           : strlen.obj (.text)
                  0000b4c4    00000014     lwiplib.obj (.text:tcp_send_ctrl)
                  0000b4d8    00000012     driverlib-cm3.lib : adc.obj (.text:ADCHardwareOversampleConfigure)
                  0000b4ea    00000012                       : gpio.obj (.text:GPIOPinTypeGPIOOutput)
                  0000b4fc    00000012                       : gpio.obj (.text:GPIOPinTypeSSI)
                  0000b50e    00000012                       : gpio.obj (.text:GPIOPinTypeUART)
                  0000b520    00000012     uartstdio.obj (.text:GetBufferCount)
                  0000b532    00000012     driverlib-cm3.lib : timer.obj (.text:TimerLoadSet)
                  0000b544    00000012     rtsv7M3_T_le_eabi.lib : copy_zero_init.obj (.text:decompress:ZI)
                  0000b556    00000012     lwiplib.obj (.text:netif_set_down)
                  0000b568    00000012     lwiplib.obj (.text:pbuf_clen)
                  0000b57a    00000012     rtsv7M3_T_le_eabi.lib : strcpy.obj (.text)
                  0000b58c    00000010     driverlib-cm3.lib : adc.obj (.text:ADCIntEnable)
                  0000b59c    00000010     mmc-rdk-idm.obj (.text:DESELECT)
                  0000b5ac    00000010     grlib-cm3.lib : string.obj (.text:GrStringDraw)
                  0000b5bc    00000010     mmc-rdk-idm.obj (.text:SELECT)
                  0000b5cc    00000010     driverlib-cm3.lib : systick.obj (.text:SysTickPeriodSet)
                  0000b5dc    00000010                       : uart.obj (.text:UARTCharGetNonBlocking)
                  0000b5ec    00000010                       : uart.obj (.text:UARTCharPutNonBlocking)
                  0000b5fc    00000010     formike240x320x16_ili9320.obj (.text:WriteRegister)
                  0000b60c    00000010     lwiplib.obj (.text:autoip_stop)
                  0000b61c    00000010     lwiplib.obj (.text:dhcp_option_byte)
                  0000b62c    00000010     mmc-rdk-idm.obj (.text:disk_status)
                  0000b63c    00000010     GPS.obj (.text:join_2_bytes)
                  0000b64c    0000000e     driverlib-cm3.lib : adc.obj (.text:ADCSequenceEnable)
                  0000b65a    0000000e     grlib-cm3.lib : image.obj (.text:GrImageDraw)
                  0000b668    0000000e     uartstdio.obj (.text:IsBufferEmpty)
                  0000b676    0000000e     sd_card.obj (.text:SysTickHandler)
                  0000b684    0000000e     driverlib-cm3.lib : timer.obj (.text:TimerEnable)
                  0000b692    0000000e     rtsv7M3_T_le_eabi.lib : copy_decompress_none.obj (.text:decompress:none)
                  0000b6a0    0000000e     lwiplib.obj (.text:dhcp_set_state)
                  0000b6ae    0000000e     lwiplib.obj (.text:pbuf_chain)
                  0000b6bc    0000000c     driverlib-cm3.lib : cpu.obj (.text:CPUcpsid)
                  0000b6c8    0000000c                       : cpu.obj (.text:CPUcpsie)
                  0000b6d4    0000000c                       : ethernet.obj (.text:EthernetIntStatus)
                  0000b6e0    0000000c     formike240x320x16_ili9320.obj (.text:Formike240x320x16_ILI9320BacklightOn)
                  0000b6ec    0000000c     formike240x320x16_ili9320.obj (.text:ReadRegister)
                  0000b6f8    0000000c     driverlib-cm3.lib : ssi.obj (.text:SSIDataGet)
                  0000b704    0000000c     sd_card.obj (.text:SoftwareUpdateRequestCallback)
                  0000b710    0000000c     driverlib-cm3.lib : sysctl.obj (.text:SysCtlLDOSet)
                  0000b71c    0000000c     touch.obj (.text:TouchScreenCallbackSet)
                  0000b728    0000000c     driverlib-cm3.lib : uart.obj (.text:UARTCharsAvail)
                  0000b734    0000000c                       : uart.obj (.text:UARTSpaceAvail)
                  0000b740    0000000c     lwiplib.obj (.text:htons)
                  0000b74c    0000000c     lwiplib.obj (.text:inet_chksum)
                  0000b758    0000000c     lwiplib.obj (.text:lwIPLocalIPAddrGet)
                  0000b764    0000000c     lwiplib.obj (.text:lwip_init)
                  0000b770    0000000c     lwiplib.obj (.text:netif_set_default)
                  0000b77c    0000000c     lwiplib.obj (.text:netif_set_gw)
                  0000b788    0000000c     lwiplib.obj (.text:netif_set_netmask)
                  0000b794    0000000c     mmc-rdk-idm.obj (.text:power_off)
                  0000b7a0    0000000c     mmc-rdk-idm.obj (.text:rcvr_spi_m)
                  0000b7ac    0000000a     driverlib-cm3.lib : ethernet.obj (.text:EthernetIntDisable)
                  0000b7b6    0000000a                       : interrupt.obj (.text:IntMasterDisable)
                  0000b7c0    0000000a                       : interrupt.obj (.text:IntMasterEnable)
                  0000b7ca    0000000a                       : ssi.obj (.text:SSIDataPut)
                  0000b7d4    0000000a                       : ssi.obj (.text:SSIDisable)
                  0000b7de    0000000a                       : ssi.obj (.text:SSIEnable)
                  0000b7e8    0000000a                       : uart.obj (.text:UARTIntDisable)
                  0000b7f2    0000000a                       : uart.obj (.text:UARTIntStatus)
                  0000b7fc    0000000a     lwiplib.obj (.text:netif_is_up)
                  0000b806    0000000a     GPS.obj (.text:one_byte)
                  0000b810    0000000a     lwiplib.obj (.text:sys_arch_unprotect)
                  0000b81a    00000008     driverlib-cm3.lib : ethernet.obj (.text:EthernetIntEnable)
                  0000b822    00000008     grlib-cm3.lib : charmap.obj (.text:GrMapISO8859_1_Unicode)
                  0000b82a    00000008     driverlib-cm3.lib : uart.obj (.text:UARTIntEnable)
                  0000b832    00000008     lwiplib.obj (.text:icmp_dest_unreach)
                  0000b83a    00000006     formike240x320x16_ili9320.obj (.text:Formike240x320x16_ILI9320ControllerIdGet)
                  0000b840    00000006     driverlib-cm3.lib : gpio.obj (.text:GPIOPinWrite)
                  0000b846    00000006     grlib-cm3.lib : string.obj (.text:GrContextFontSet)
                  0000b84c    00000006     startup_ccs.obj (.text:ResetISR)
                  0000b852    00000006     driverlib-cm3.lib : sysctl.obj (.text:SysCtlDelay)
                  0000b858    00000006                       : uart.obj (.text:UARTFIFOLevelSet)
                  0000b85e    00000006     rtsv7M3_T_le_eabi.lib : copy_decompress_rle.obj (.text:decompress:rle24)
                  0000b864    00000006     lwiplib.obj (.text:udp_recv)
                  0000b86a    00000004     driverlib-cm3.lib : ethernet.obj (.text:EthernetIntClear)
                  0000b86e    00000004                       : uart.obj (.text:UARTIntClear)
                  0000b872    00000004     grlib-cm3.lib : widget.obj (.text:WidgetDefaultMsgProc)
                  0000b876    00000004     lwiplib.obj (.text:dhcp_get_option_byte)
                  0000b87a    00000004     GPS.obj (.text:getdataz)
                  0000b87e    00000004     GPS.obj (.text:millis)

.const     0    0000b884    00001868     
                  0000b884    0000095e     grlib-cm3.lib : fontcm20.obj (.const:g_pucCm20Data)
                  0000c1e2    00000002     --HOLE-- [fill = 0]
                  0000c1e4    00000514                   : fontcmss12.obj (.const:g_pucCmss12Data)
                  0000c6f8    000002f8                   : fontfixed6x8.obj (.const:g_pucFontFixed6x8Data)
                  0000c9f0    00000252     sd_card.obj (.const:.string)
                  0000cc42    00000002     --HOLE-- [fill = 0]
                  0000cc44    000000c8     grlib-cm3.lib : fontcm20.obj (.const:g_sFontCm20)
                  0000cd0c    000000c8                   : fontcmss12.obj (.const:g_sFontCmss12)
                  0000cdd4    000000c8                   : fontfixed6x8.obj (.const:g_sFontFixed6x8)
                  0000ce9c    0000008a     lwiplib.obj (.const:.string)
                  0000cf26    00000002     --HOLE-- [fill = 0]
                  0000cf28    00000070     driverlib-cm3.lib : interrupt.obj (.const)
                  0000cf98    0000006c                       : sysctl.obj (.const:g_pulXtals)
                  0000d004    00000040                       : sysctl.obj (.const)
                  0000d044    00000034     lwiplib.obj (.const)
                  0000d078    00000028     formike240x320x16_ili9320.obj (.const:g_sFormike240x320x16_ILI9320)
                  0000d0a0    00000028     uartstdio.obj (.const)
                  0000d0c8    00000012     uartstdio.obj (.const:.string)
                  0000d0da    00000002     --HOLE-- [fill = 0]
                  0000d0dc    00000010     grlib-cm3.lib : context.obj (.const)

.cinit     0    0000d0f0    000001d8     
                  0000d0f0    000001b4     (.cinit..data.load) [load image, compression = rle]
                  0000d2a4    0000000c     (__TI_handler_table)
                  0000d2b0    00000008     (.cinit..bss.load) [load image, compression = zero_init]
                  0000d2b8    00000010     (__TI_cinit_table)

.bss       0    20000000    00003b6f     UNINITIALIZED
                  20000000    00001958     lwiplib.obj (.bss:memp_memory)
                  20001958    00001014     lwiplib.obj (.bss:ram_heap)
                  2000296c    00000400     uartstdio.obj (.bss:g_pcUARTTxBuffer)
                  20002d6c    00000330     sd_card.obj (.bss:g_pcFilenames)
                  2000309c    0000022c     sd_card.obj (.bss:g_sFatFs)
                  200032c8    00000140     grlib-cm3.lib : widget.obj (.bss:g_pMQ)
                  20003408    00000104     sd_card.obj (.bss)
                  2000350c    000000ea     lwiplib.obj (.bss:lwip_stats)
                  200035f6    000000e0     sd_card.obj (.bss:g_pcStatus)
                  200036d6    00000002     --HOLE--
                  200036d8    000000c8     lwiplib.obj (.bss:arp_table)
                  200037a0    000000c0     sd_card.obj (.bss:g_ppcDirListStrings)
                  20003860    000000b8     lwiplib.obj (.bss)
                  20003918    00000080     uartstdio.obj (.bss:g_pcUARTRxBuffer)
                  20003998    00000060     lwiplib.obj (.bss:stellarisif_data)
                  200039f8    00000054     locator.obj (.bss:g_pucLocatorData)
                  20003a4c    00000050     sd_card.obj (.bss:g_cTmpBuf)
                  20003a9c    0000003c     sd_card.obj (.bss:UBX_buffer)
                  20003ad8    00000038     lwiplib.obj (.bss:g_sNetIF)
                  20003b10    00000020     grlib-cm3.lib : image.obj (.bss)
                  20003b30    0000001c     touch.obj (.bss)
                  20003b4c    0000000a     ff.obj (.bss)
                  20003b56    00000008     swupdate.obj (.bss)
                  20003b5e    00000002     --HOLE--
                  20003b60    00000008     uartstdio.obj (.bss)
                  20003b68    00000004     grlib-cm3.lib : context.obj (.bss)
                  20003b6c    00000003     mmc-rdk-idm.obj (.bss)

.data      0    20003b70    000004c6     
                  20003b70    00000070     sd_card.obj (.data:g_sFresultStrings)
                  20003be0    00000054     sd_card.obj (.data:g_sDirList)
                  20003c34    00000054     sd_card.obj (.data:g_sStatusList)
                  20003c88    00000050     sd_card.obj (.data:g_cCwdBuf)
                  20003cd8    00000050     sd_card.obj (.data:g_sCDBtn)
                  20003d28    00000050     sd_card.obj (.data:g_sUpBtn)
                  20003d78    00000040     sd_card.obj (.data:g_sBackground)
                  20003db8    00000040     sd_card.obj (.data:g_sCDBackground)
                  20003df8    00000040     sd_card.obj (.data:g_sHeading)
                  20003e38    00000040     sd_card.obj (.data:g_sIPAddr)
                  20003e78    00000040     sd_card.obj (.data:g_sMACAddr)
                  20003eb8    00000040     sd_card.obj (.data:g_sPWD)
                  20003ef8    00000040     sd_card.obj (.data:g_sPWDTitle)
                  20003f38    00000040     sd_card.obj (.data:g_sUpBackground)
                  20003f78    0000002e     lwiplib.obj (.data)
                  20003fa6    00000002     --HOLE--
                  20003fa8    0000002d     grlib-cm3.lib : widget.obj (.data)
                  20003fd5    00000003     --HOLE--
                  20003fd8    00000020     sd_card.obj (.data)
                  20003ff8    00000015     uartstdio.obj (.data)
                  2000400d    00000003     --HOLE--
                  20004010    00000008     rtsv7M3_T_le_eabi.lib : _lock.obj (.data)
                  20004018    00000008                           : exit.obj (.data)
                  20004020    00000008     swupdate.obj (.data)
                  20004028    00000004     GPS.obj (.data)
                  2000402c    00000004     rtsv7M3_T_le_eabi.lib : stkdepth_vars.obj (.data)
                  20004030    00000003     touch.obj (.data)
                  20004033    00000001     --HOLE--
                  20004034    00000002     mmc-rdk-idm.obj (.data)

.stack     0    20004038    00000400     UNINITIALIZED
                  20004038    00000400     --HOLE--


LINKER GENERATED COPY TABLES

__TI_cinit_table @ 0000d2b8 records: 2, size/record: 8, table size: 16
	.data: load addr=0000d0f0, load size=000001b4 bytes, run addr=20003b70, run size=000004c6 bytes, compression=rle
	.bss: load addr=0000d2b0, load size=00000008 bytes, run addr=20000000, run size=00003b6f bytes, compression=zero_init


LINKER GENERATED HANDLER TABLE

__TI_handler_table @ 0000d2a4 records: 3, size/record: 4, table size: 12
	index: 0, handler: __TI_decompress_rle24
	index: 1, handler: __TI_decompress_none
	index: 2, handler: __TI_zero_init


GLOBAL SYMBOLS: SORTED ALPHABETICALLY BY Name 

address    name
--------   ----
0000b4d9   ADCHardwareOversampleConfigure
0000b58d   ADCIntEnable
0000ac09   ADCSequenceConfigure
0000b64d   ADCSequenceEnable
000089d9   ADCSequenceStepConfigure
2000341c   Altitude
0000a459   C$$EXIT
0000b6bd   CPUcpsid
0000b6c9   CPUcpsie
0000b411   CanvasMsgProc
0000ac33   EthernetConfigSet
0000addd   EthernetEnable
0000b425   EthernetInitExpClk
0000b86b   EthernetIntClear
0000b7ad   EthernetIntDisable
0000b81b   EthernetIntEnable
0000b6d5   EthernetIntStatus
0000a74f   EthernetMACAddrGet
0000a5c7   EthernetMACAddrSet
0000b0ad   EthernetPHYRead
20003489   Fix
0000a601   FlashUserGet
0000b6e1   Formike240x320x16_ILI9320BacklightOn
0000b83b   Formike240x320x16_ILI9320ControllerIdGet
000017e5   Formike240x320x16_ILI9320Init
0000aa79   GPIODirModeSet
00006f25   GPIOPadConfigSet
0000b4eb   GPIOPinTypeGPIOOutput
0000b4fd   GPIOPinTypeSSI
0000b50f   GPIOPinTypeUART
0000b841   GPIOPinWrite
20003498   GPS_timer
000094ad   GrContextClipRegionSet
0000b847   GrContextFontSet
00008f99   GrContextInit
00006fed   GrDefaultStringRenderer
0000ac5d   GrFontBaselineGet
0000b0cb   GrFontCodepageGet
0000adff   GrFontGlyphDataGet
00003229   GrFontGlyphRender
0000ac87   GrFontHeightGet
0000ad01   GrFontInfoGet
0000b65b   GrImageDraw
0000a029   GrLineDrawH
0000a06f   GrLineDrawV
0000b823   GrMapISO8859_1_Unicode
00008ecd   GrRectDraw
00007c5d   GrRectFill
0000b5ad   GrStringDraw
0000acb1   GrStringNextCharGet
00008c5d   GrStringWidthGet
20003454   Ground_Course
2000344c   Ground_Speed
00008ffd   IntDisable
00009061   IntEnable
0000b7b7   IntMasterDisable
0000b7c1   IntMasterEnable
20003414   Lattitude
0000ae21   ListBoxMsgProc
000090c5   ListBoxTextAdd
0000a785   LocatorAppTitleSet
00009b1d   LocatorInit
0000aeed   LocatorMACAddrSet
20003418   Longitude
2000348b   NewData
20003488   NumSats
0000660d   OnBtnCD
000066e5   OnBtnUp
00008215   OnListBoxChange
2000340c   PosData
2000348c   PrintErrors
2000348a   RTC
00003eb5   Read
0000ae43   RectangularButtonMsgProc
0000b84d   ResetISR
UNDEFED    SHT$$INIT_ARRAY$$Base
UNDEFED    SHT$$INIT_ARRAY$$Limit
0000a0b5   SSIConfigSetExpClk
0000b6f9   SSIDataGet
0000b7cb   SSIDataPut
0000b7d5   SSIDisable
0000b7df   SSIEnable
0000b145   SoftwareUpdateBegin
0000918d   SoftwareUpdateInit
0000b705   SoftwareUpdateRequestCallback
20003450   Speed_3d
000045bd   SysCtlClockGet
00004e91   SysCtlClockSet
0000b853   SysCtlDelay
0000b711   SysCtlLDOSet
00009921   SysCtlPeripheralEnable
00008699   SysCtlPeripheralPresent
0000b439   SysTickEnable
0000b677   SysTickHandler
0000b44d   SysTickIntDisable
0000b461   SysTickIntEnable
0000b5cd   SysTickPeriodSet
20003410   Time
0000ad4d   TimerConfigure
0000b315   TimerControlTrigger
0000b685   TimerEnable
0000b533   TimerLoadSet
0000b71d   TouchScreenCallbackSet
00005a2d   TouchScreenInit
00006b19   TouchScreenIntHandler
0000b5dd   UARTCharGetNonBlocking
0000b5ed   UARTCharPutNonBlocking
0000b729   UARTCharsAvail
0000a291   UARTConfigSetExpClk
0000b161   UARTDisable
0000b475   UARTEnable
0000b859   UARTFIFOLevelSet
0000af0d   UARTFlushRx
0000a9e9   UARTFlushTx
0000b86f   UARTIntClear
0000b7e9   UARTIntDisable
0000b82b   UARTIntEnable
0000b7f3   UARTIntStatus
0000a0f9   UARTPeek
0000b735   UARTSpaceAvail
000083a9   UARTStdioConfig
0000b3a3   UARTStdioInit
0000b3b9   UARTStdioInitExpClk
00004fd5   UARTStdioIntHandler
0000aa19   UARTgetc
000036e5   UARTprintf
00007b21   UARTwrite
20003a9c   UBX_buffer
20003495   UBX_ck_a
20003496   UBX_ck_b
20003490   UBX_class
20003494   UBX_counter
2000349c   UBX_ecefVZ
20003491   UBX_id
20003492   UBX_length_hi
20003493   UBX_length_lo
2000348f   UBX_step
0000ae65   WidgetAdd
0000b873   WidgetDefaultMsgProc
00005d21   WidgetMessageQueueAdd
000091f1   WidgetMessageQueueProcess
0000772d   WidgetMessageSendPostOrder
00009c0d   WidgetMessageSendPreOrder
0000b489   WidgetMutexGet
0000af2d   WidgetPointerMessage
00009d91   WidgetRemove
20004438   __STACK_END
00000400   __STACK_SIZE
20004438   __STACK_TOP
0000d2b8   __TI_CINIT_Base
0000d2c8   __TI_CINIT_Limit
0000d2a4   __TI_Handler_Table_Base
0000d2b0   __TI_Handler_Table_Limit
00000001   __TI_args_main
00007d91   __TI_auto_init
0000b693   __TI_decompress_none
0000b85f   __TI_decompress_rle24
0000d0f0   __TI_static_base__
0000b545   __TI_zero_init
00008801   __aeabi_memclr
00008801   __aeabi_memclr4
00008801   __aeabi_memclr8
00007bc1   __aeabi_memcpy
00007bc1   __aeabi_memcpy4
00007bc1   __aeabi_memcpy8
00008803   __aeabi_memset
00008803   __aeabi_memset4
00008803   __aeabi_memset8
0000a315   __aeabi_uidivmod
ffffffff   __binit__
ffffffff   __c_args__
20004038   __stack
0000b345   _args_main
0000a855   _c_int00
20004018   _cleanup_ptr
2000401c   _dtors_ptr
20004010   _lock
0000b4ab   _nop
0000b4a3   _register_lock
0000b49d   _register_unlock
20004014   _unlock
0000a45d   abort
20003444   accEst
00007885   autoip_arp_reply
00008f33   autoip_start
0000b60d   autoip_stop
00006be9   autoip_tmr
ffffffff   binit
20003420   ch
20003448   checksum
2000348d   ck_a
2000348e   ck_b
0000a1c5   copy_in
20003428   count
200038f4   current_header
200038f0   current_netif
20003478   days
0000b2ad   dhcp_arp_reply
0000a4d9   dhcp_coarse_tmr
0000a671   dhcp_fine_tmr
0000745d   dhcp_release
00007f49   dhcp_renew
0000792d   dhcp_start
0000a2d3   dhcp_stop
00005115   disk_initialize
00007fd9   disk_read
0000b62d   disk_status
0000ad95   disk_timerproc
000072ed   disk_write
00004d31   etharp_arp_input
0000ae87   etharp_ip_input
000070b1   etharp_output
00005255   etharp_query
00006895   etharp_raw
0000ab59   etharp_request
0000a419   etharp_tmr
0000d06c   ethbroadcast
00008cc5   ethernet_input
0000d072   ethzero
0000a465   exit
0000a6a9   f_mount
000095d3   f_opendir
00008d2d   f_readdir
20003424   flags
20003fd8   g_bFirmwareUpdate
20002d6c   g_pcFilenames
200035f6   g_pcStatus
20004020   g_pfnUpdateCallback
00001000   g_pfnVectors
200037a0   g_ppcDirListStrings
20003fdc   g_ppcStatusStrings
0000d0dc   g_psDefaultCodePointMapTable
20003d78   g_sBackground
20003db8   g_sCDBackground
20003cd8   g_sCDBtn
20003be0   g_sDirList
0000cc44   g_sFontCm20
0000cd0c   g_sFontCmss12
0000cdd4   g_sFontFixed6x8
0000d078   g_sFormike240x320x16_ILI9320
20003b70   g_sFresultStrings
20003df8   g_sHeading
20003e38   g_sIPAddr
20003e78   g_sMACAddr
20003eb8   g_sPWD
20003ef8   g_sPWDTitle
20003fa8   g_sRoot
20003c34   g_sStatusList
20003b34   g_sTouchX
20003b36   g_sTouchY
20003f38   g_sUpBackground
20003d28   g_sUpBtn
20003ff4   g_ulStatusStringIndex
0000b87b   getdataz
20003458   hour
0000b2c7   htonl
0000b741   htons
20003408   i
0000b833   icmp_dest_unreach
00004089   icmp_input
0000b74d   inet_chksum
00009f09   inet_chksum_pbuf
00008187   inet_chksum_pseudo
00008d95   inet_ntoa
0000d064   ip_addr_any
0000d068   ip_addr_broadcast
0000a821   ip_addr_isbroadcast
000038f9   ip_input
0000a181   ip_output
0000696d   ip_output_if
00009b6d   ip_route
0000b63d   join_2_bytes
0000b199   join_4_bytes
0000ab85   lwIPEthernetIntHandler
00009f51   lwIPInit
0000b759   lwIPLocalIPAddrGet
0000b1b5   lwIPTimer
0000b765   lwip_init
2000350c   lwip_stats
000029d5   main
2000402c   main_func_sp
00009255   mem_free
00009635   mem_init
00005b35   mem_malloc
00005c2d   mem_realloc
0000aea9   memcmp
00007bc1   memcpy
0000a515   memp_free
00008dfd   memp_init
000092b9   memp_malloc
00008809   memset
2000346c   microsecond
0000b87f   millis
20003468   millisecond
2000345c   minute
2000347c   month
20003470   nanosecond
00009a25   netif_add
20003894   netif_default
0000b7fd   netif_is_up
20003890   netif_list
0000b1d1   netif_set_addr
0000b771   netif_set_default
0000b557   netif_set_down
0000b77d   netif_set_gw
0000931d   netif_set_ipaddr
0000b789   netif_set_netmask
0000afed   netif_set_up
0000b2c7   ntohl
0000b741   ntohs
0000b807   one_byte
00004259   parse_ubx_gps
0000591d   pbuf_alloc
0000adb9   pbuf_cat
0000b6af   pbuf_chain
0000b569   pbuf_clen
000080f9   pbuf_copy
00008b89   pbuf_copy_partial
00009a79   pbuf_free
0000950f   pbuf_header
00009ddd   pbuf_realloc
0000b3fb   pbuf_ref
00008e65   raw_input
20003464   second
20003460   sow
0000a551   stellarisif_init
00008965   stellarisif_interrupt
0000b1ed   strcat
0000b35d   strcmp
0000b57b   strcpy
0000b4b1   strlen
0000aa49   strncpy
0000b7b7   sys_arch_protect
0000b811   sys_arch_unprotect
00007a7d   tcp_abandon
200038a8   tcp_active_pcbs
00006cb9   tcp_alloc
0000ce9c   tcp_backoff
200038a0   tcp_bound_pcbs
00007511   tcp_close
0000b107   tcp_eff_send_mss
000022e5   tcp_enqueue
00009869   tcp_fasttmr
00001ba5   tcp_input
200038e8   tcp_input_pcb
000093e5   tcp_keepalive
200038a4   tcp_listen_pcbs
0000b375   tcp_next_iss
0000441d   tcp_output
0000a357   tcp_pcb_purge
00009695   tcp_pcb_remove
0000cea9   tcp_persist_backoff
0000b02d   tcp_recv_null
0000a719   tcp_recved
0000a24d   tcp_rexmit
00009ca9   tcp_rexmit_fast
0000abb1   tcp_rexmit_rto
000073a5   tcp_rst
0000acd9   tcp_seg_copy
0000b125   tcp_seg_free
0000b2e1   tcp_segs_free
0000b4c5   tcp_send_ctrl
00008bf3   tcp_send_empty_ack
00002fa5   tcp_slowtmr
2000389c   tcp_ticks
200038b0   tcp_tmp_pcb
0000b04d   tcp_tmr
200038ac   tcp_tw_pcbs
0000a985   tcp_update_rcv_ann_wnd
000075c5   tcp_zero_window_probe
2000343c   towMsF
20003434   towMsR
20003440   towSubMsF
20003438   towSubMsR
0000b209   ubx_checksum
000098c5   udp_bind
00009fe1   udp_connect
00003af5   udp_input
0000b225   udp_new
200038ec   udp_pcbs
0000b865   udp_recv
0000abdd   udp_remove
0000a889   udp_sendto
00005fe9   udp_sendto_if
0000b2fb   usnprintf
0000b06d   usprintf
0000aecb   ustrncpy
00003491   uvsnprintf
20003474   week_year
20003480   weeks
20003430   wnF
2000342c   wnR
20003484   year


GLOBAL SYMBOLS: SORTED BY Symbol Address 

address    name
--------   ----
00000001   __TI_args_main
00000400   __STACK_SIZE
00001000   g_pfnVectors
000017e5   Formike240x320x16_ILI9320Init
00001ba5   tcp_input
000022e5   tcp_enqueue
000029d5   main
00002fa5   tcp_slowtmr
00003229   GrFontGlyphRender
00003491   uvsnprintf
000036e5   UARTprintf
000038f9   ip_input
00003af5   udp_input
00003eb5   Read
00004089   icmp_input
00004259   parse_ubx_gps
0000441d   tcp_output
000045bd   SysCtlClockGet
00004d31   etharp_arp_input
00004e91   SysCtlClockSet
00004fd5   UARTStdioIntHandler
00005115   disk_initialize
00005255   etharp_query
0000591d   pbuf_alloc
00005a2d   TouchScreenInit
00005b35   mem_malloc
00005c2d   mem_realloc
00005d21   WidgetMessageQueueAdd
00005fe9   udp_sendto_if
0000660d   OnBtnCD
000066e5   OnBtnUp
00006895   etharp_raw
0000696d   ip_output_if
00006b19   TouchScreenIntHandler
00006be9   autoip_tmr
00006cb9   tcp_alloc
00006f25   GPIOPadConfigSet
00006fed   GrDefaultStringRenderer
000070b1   etharp_output
000072ed   disk_write
000073a5   tcp_rst
0000745d   dhcp_release
00007511   tcp_close
000075c5   tcp_zero_window_probe
0000772d   WidgetMessageSendPostOrder
00007885   autoip_arp_reply
0000792d   dhcp_start
00007a7d   tcp_abandon
00007b21   UARTwrite
00007bc1   __aeabi_memcpy
00007bc1   __aeabi_memcpy4
00007bc1   __aeabi_memcpy8
00007bc1   memcpy
00007c5d   GrRectFill
00007d91   __TI_auto_init
00007f49   dhcp_renew
00007fd9   disk_read
000080f9   pbuf_copy
00008187   inet_chksum_pseudo
00008215   OnListBoxChange
000083a9   UARTStdioConfig
00008699   SysCtlPeripheralPresent
00008801   __aeabi_memclr
00008801   __aeabi_memclr4
00008801   __aeabi_memclr8
00008803   __aeabi_memset
00008803   __aeabi_memset4
00008803   __aeabi_memset8
00008809   memset
00008965   stellarisif_interrupt
000089d9   ADCSequenceStepConfigure
00008b89   pbuf_copy_partial
00008bf3   tcp_send_empty_ack
00008c5d   GrStringWidthGet
00008cc5   ethernet_input
00008d2d   f_readdir
00008d95   inet_ntoa
00008dfd   memp_init
00008e65   raw_input
00008ecd   GrRectDraw
00008f33   autoip_start
00008f99   GrContextInit
00008ffd   IntDisable
00009061   IntEnable
000090c5   ListBoxTextAdd
0000918d   SoftwareUpdateInit
000091f1   WidgetMessageQueueProcess
00009255   mem_free
000092b9   memp_malloc
0000931d   netif_set_ipaddr
000093e5   tcp_keepalive
000094ad   GrContextClipRegionSet
0000950f   pbuf_header
000095d3   f_opendir
00009635   mem_init
00009695   tcp_pcb_remove
00009869   tcp_fasttmr
000098c5   udp_bind
00009921   SysCtlPeripheralEnable
00009a25   netif_add
00009a79   pbuf_free
00009b1d   LocatorInit
00009b6d   ip_route
00009c0d   WidgetMessageSendPreOrder
00009ca9   tcp_rexmit_fast
00009d91   WidgetRemove
00009ddd   pbuf_realloc
00009f09   inet_chksum_pbuf
00009f51   lwIPInit
00009fe1   udp_connect
0000a029   GrLineDrawH
0000a06f   GrLineDrawV
0000a0b5   SSIConfigSetExpClk
0000a0f9   UARTPeek
0000a181   ip_output
0000a1c5   copy_in
0000a24d   tcp_rexmit
0000a291   UARTConfigSetExpClk
0000a2d3   dhcp_stop
0000a315   __aeabi_uidivmod
0000a357   tcp_pcb_purge
0000a419   etharp_tmr
0000a459   C$$EXIT
0000a45d   abort
0000a465   exit
0000a4d9   dhcp_coarse_tmr
0000a515   memp_free
0000a551   stellarisif_init
0000a5c7   EthernetMACAddrSet
0000a601   FlashUserGet
0000a671   dhcp_fine_tmr
0000a6a9   f_mount
0000a719   tcp_recved
0000a74f   EthernetMACAddrGet
0000a785   LocatorAppTitleSet
0000a821   ip_addr_isbroadcast
0000a855   _c_int00
0000a889   udp_sendto
0000a985   tcp_update_rcv_ann_wnd
0000a9e9   UARTFlushTx
0000aa19   UARTgetc
0000aa49   strncpy
0000aa79   GPIODirModeSet
0000ab59   etharp_request
0000ab85   lwIPEthernetIntHandler
0000abb1   tcp_rexmit_rto
0000abdd   udp_remove
0000ac09   ADCSequenceConfigure
0000ac33   EthernetConfigSet
0000ac5d   GrFontBaselineGet
0000ac87   GrFontHeightGet
0000acb1   GrStringNextCharGet
0000acd9   tcp_seg_copy
0000ad01   GrFontInfoGet
0000ad4d   TimerConfigure
0000ad95   disk_timerproc
0000adb9   pbuf_cat
0000addd   EthernetEnable
0000adff   GrFontGlyphDataGet
0000ae21   ListBoxMsgProc
0000ae43   RectangularButtonMsgProc
0000ae65   WidgetAdd
0000ae87   etharp_ip_input
0000aea9   memcmp
0000aecb   ustrncpy
0000aeed   LocatorMACAddrSet
0000af0d   UARTFlushRx
0000af2d   WidgetPointerMessage
0000afed   netif_set_up
0000b02d   tcp_recv_null
0000b04d   tcp_tmr
0000b06d   usprintf
0000b0ad   EthernetPHYRead
0000b0cb   GrFontCodepageGet
0000b107   tcp_eff_send_mss
0000b125   tcp_seg_free
0000b145   SoftwareUpdateBegin
0000b161   UARTDisable
0000b199   join_4_bytes
0000b1b5   lwIPTimer
0000b1d1   netif_set_addr
0000b1ed   strcat
0000b209   ubx_checksum
0000b225   udp_new
0000b2ad   dhcp_arp_reply
0000b2c7   htonl
0000b2c7   ntohl
0000b2e1   tcp_segs_free
0000b2fb   usnprintf
0000b315   TimerControlTrigger
0000b345   _args_main
0000b35d   strcmp
0000b375   tcp_next_iss
0000b3a3   UARTStdioInit
0000b3b9   UARTStdioInitExpClk
0000b3fb   pbuf_ref
0000b411   CanvasMsgProc
0000b425   EthernetInitExpClk
0000b439   SysTickEnable
0000b44d   SysTickIntDisable
0000b461   SysTickIntEnable
0000b475   UARTEnable
0000b489   WidgetMutexGet
0000b49d   _register_unlock
0000b4a3   _register_lock
0000b4ab   _nop
0000b4b1   strlen
0000b4c5   tcp_send_ctrl
0000b4d9   ADCHardwareOversampleConfigure
0000b4eb   GPIOPinTypeGPIOOutput
0000b4fd   GPIOPinTypeSSI
0000b50f   GPIOPinTypeUART
0000b533   TimerLoadSet
0000b545   __TI_zero_init
0000b557   netif_set_down
0000b569   pbuf_clen
0000b57b   strcpy
0000b58d   ADCIntEnable
0000b5ad   GrStringDraw
0000b5cd   SysTickPeriodSet
0000b5dd   UARTCharGetNonBlocking
0000b5ed   UARTCharPutNonBlocking
0000b60d   autoip_stop
0000b62d   disk_status
0000b63d   join_2_bytes
0000b64d   ADCSequenceEnable
0000b65b   GrImageDraw
0000b677   SysTickHandler
0000b685   TimerEnable
0000b693   __TI_decompress_none
0000b6af   pbuf_chain
0000b6bd   CPUcpsid
0000b6c9   CPUcpsie
0000b6d5   EthernetIntStatus
0000b6e1   Formike240x320x16_ILI9320BacklightOn
0000b6f9   SSIDataGet
0000b705   SoftwareUpdateRequestCallback
0000b711   SysCtlLDOSet
0000b71d   TouchScreenCallbackSet
0000b729   UARTCharsAvail
0000b735   UARTSpaceAvail
0000b741   htons
0000b741   ntohs
0000b74d   inet_chksum
0000b759   lwIPLocalIPAddrGet
0000b765   lwip_init
0000b771   netif_set_default
0000b77d   netif_set_gw
0000b789   netif_set_netmask
0000b7ad   EthernetIntDisable
0000b7b7   IntMasterDisable
0000b7b7   sys_arch_protect
0000b7c1   IntMasterEnable
0000b7cb   SSIDataPut
0000b7d5   SSIDisable
0000b7df   SSIEnable
0000b7e9   UARTIntDisable
0000b7f3   UARTIntStatus
0000b7fd   netif_is_up
0000b807   one_byte
0000b811   sys_arch_unprotect
0000b81b   EthernetIntEnable
0000b823   GrMapISO8859_1_Unicode
0000b82b   UARTIntEnable
0000b833   icmp_dest_unreach
0000b83b   Formike240x320x16_ILI9320ControllerIdGet
0000b841   GPIOPinWrite
0000b847   GrContextFontSet
0000b84d   ResetISR
0000b853   SysCtlDelay
0000b859   UARTFIFOLevelSet
0000b85f   __TI_decompress_rle24
0000b865   udp_recv
0000b86b   EthernetIntClear
0000b86f   UARTIntClear
0000b873   WidgetDefaultMsgProc
0000b87b   getdataz
0000b87f   millis
0000cc44   g_sFontCm20
0000cd0c   g_sFontCmss12
0000cdd4   g_sFontFixed6x8
0000ce9c   tcp_backoff
0000cea9   tcp_persist_backoff
0000d064   ip_addr_any
0000d068   ip_addr_broadcast
0000d06c   ethbroadcast
0000d072   ethzero
0000d078   g_sFormike240x320x16_ILI9320
0000d0dc   g_psDefaultCodePointMapTable
0000d0f0   __TI_static_base__
0000d2a4   __TI_Handler_Table_Base
0000d2b0   __TI_Handler_Table_Limit
0000d2b8   __TI_CINIT_Base
0000d2c8   __TI_CINIT_Limit
20002d6c   g_pcFilenames
20003408   i
2000340c   PosData
20003410   Time
20003414   Lattitude
20003418   Longitude
2000341c   Altitude
20003420   ch
20003424   flags
20003428   count
2000342c   wnR
20003430   wnF
20003434   towMsR
20003438   towSubMsR
2000343c   towMsF
20003440   towSubMsF
20003444   accEst
20003448   checksum
2000344c   Ground_Speed
20003450   Speed_3d
20003454   Ground_Course
20003458   hour
2000345c   minute
20003460   sow
20003464   second
20003468   millisecond
2000346c   microsecond
20003470   nanosecond
20003474   week_year
20003478   days
2000347c   month
20003480   weeks
20003484   year
20003488   NumSats
20003489   Fix
2000348a   RTC
2000348b   NewData
2000348c   PrintErrors
2000348d   ck_a
2000348e   ck_b
2000348f   UBX_step
20003490   UBX_class
20003491   UBX_id
20003492   UBX_length_hi
20003493   UBX_length_lo
20003494   UBX_counter
20003495   UBX_ck_a
20003496   UBX_ck_b
20003498   GPS_timer
2000349c   UBX_ecefVZ
2000350c   lwip_stats
200035f6   g_pcStatus
200037a0   g_ppcDirListStrings
20003890   netif_list
20003894   netif_default
2000389c   tcp_ticks
200038a0   tcp_bound_pcbs
200038a4   tcp_listen_pcbs
200038a8   tcp_active_pcbs
200038ac   tcp_tw_pcbs
200038b0   tcp_tmp_pcb
200038e8   tcp_input_pcb
200038ec   udp_pcbs
200038f0   current_netif
200038f4   current_header
20003a9c   UBX_buffer
20003b34   g_sTouchX
20003b36   g_sTouchY
20003b70   g_sFresultStrings
20003be0   g_sDirList
20003c34   g_sStatusList
20003cd8   g_sCDBtn
20003d28   g_sUpBtn
20003d78   g_sBackground
20003db8   g_sCDBackground
20003df8   g_sHeading
20003e38   g_sIPAddr
20003e78   g_sMACAddr
20003eb8   g_sPWD
20003ef8   g_sPWDTitle
20003f38   g_sUpBackground
20003fa8   g_sRoot
20003fd8   g_bFirmwareUpdate
20003fdc   g_ppcStatusStrings
20003ff4   g_ulStatusStringIndex
20004010   _lock
20004014   _unlock
20004018   _cleanup_ptr
2000401c   _dtors_ptr
20004020   g_pfnUpdateCallback
2000402c   main_func_sp
20004038   __stack
20004438   __STACK_END
20004438   __STACK_TOP
ffffffff   __binit__
ffffffff   __c_args__
ffffffff   binit
UNDEFED    SHT$$INIT_ARRAY$$Base
UNDEFED    SHT$$INIT_ARRAY$$Limit

[393 symbols]
